10-04 11:53:07.237   546   616 V BackupManagerService: [UserID:0] restoreAtInstall pkg=vn.training.bai07 token=8 restoreSet=0
10-04 11:53:07.238   546   616 I AppsFilter: interaction: PackageSetting{2a5d359 vn.training.books.server/10194} -> PackageSetting{7262474 vn.training.bai07/10200} BLOCKED
10-04 11:53:07.238   546   616 I AppsFilter: interaction: PackageSetting{b554fff com.fintrack.app/10208} -> PackageSetting{7262474 vn.training.bai07/10200} BLOCKED
10-04 11:53:07.238   546   616 I AppsFilter: interaction: PackageSetting{fecf1cc com.shoestore.app/10195} -> PackageSetting{7262474 vn.training.bai07/10200} BLOCKED
10-04 11:53:07.238   546   616 I AppsFilter: interaction: PackageSetting{9574c15 vn.training.books.client/10196} -> PackageSetting{7262474 vn.training.bai07/10200} BLOCKED
10-04 11:53:07.238   546   616 I AppsFilter: interaction: PackageSetting{97fb2a com.example.realtimechat/10197} -> PackageSetting{7262474 vn.training.bai07/10200} BLOCKED
10-04 11:53:07.238   546   616 I AppsFilter: interaction: PackageSetting{bb8ed1b com.haitranduc203.offlinefirstmovie.test/10217} -> PackageSetting{7262474 vn.training.bai07/10200} BLOCKED
10-04 11:53:07.238   546   616 I AppsFilter: interaction: PackageSetting{6d64b1e vn.training.bai06/10199} -> PackageSetting{7262474 vn.training.bai07/10200} BLOCKED
10-04 11:53:07.239   546   616 I AppsFilter: interaction: PackageSetting{3dd5eb8 vn.training.bai05/10198} -> PackageSetting{7262474 vn.training.bai07/10200} BLOCKED
10-04 11:53:07.239   546   616 I AppsFilter: interaction: PackageSetting{26d9491 vn.training.bai03/10193} -> PackageSetting{7262474 vn.training.bai07/10200} BLOCKED
10-04 11:53:07.239   546   616 I AppsFilter: interaction: PackageSetting{5129ff6 vn.training.bai02/10192} -> PackageSetting{7262474 vn.training.bai07/10200} BLOCKED
10-04 11:53:07.239   546   616 I AppsFilter: interaction: PackageSetting{3ef3ff7 vn.training.bai01/10190} -> PackageSetting{7262474 vn.training.bai07/10200} BLOCKED
10-04 11:53:07.239   546   616 I AppsFilter: interaction: PackageSetting{265ae64 com.example.androidtrainingexample/10201} -> PackageSetting{7262474 vn.training.bai07/10200} BLOCKED
10-04 11:53:07.239   546   616 I AppsFilter: interaction: PackageSetting{5c5e8cd com.example.smsshield/10218} -> PackageSetting{7262474 vn.training.bai07/10200} BLOCKED
10-04 11:53:07.239   546   616 I AppsFilter: interaction: PackageSetting{dc0c582 com.haitranduc203.offlinefirstmovie/10216} -> PackageSetting{7262474 vn.training.bai07/10200} BLOCKED
10-04 11:53:07.274   970   970 D CarrierSvcBindHelper: onPackageAdded: vn.training.bai07
10-04 11:53:07.288   970  1263 D ImsResolver: maybeAddedImsService, packageName: vn.training.bai07
10-04 11:53:07.308   785   836 V WindowManagerShell: Transition requested: android.os.BinderProxy@4f820f6 TransitionRequestInfo { type = OPEN, triggerTask = TaskInfo{userId=0 taskId=2700 displayId=0 isRunning=true baseIntent=Intent { act=android.intent.action.MAIN cat=[android.intent.category.LAUNCHER] flg=0x10000000 cmp=vn.training.bai07/.MainActivity } baseActivity=ComponentInfo{vn.training.bai07/vn.training.bai07.MainActivity} topActivity=ComponentInfo{vn.training.bai07/vn.training.bai07.MainActivity} origActivity=null realActivity=ComponentInfo{vn.training.bai07/vn.training.bai07.MainActivity} numActivities=1 lastActiveTime=769307 supportsMultiWindow=true resizeMode=1 isResizeable=true minWidth=-1 minHeight=-1 defaultMinSize=220 token=WCT{android.window.IWindowContainerToken$Stub$Proxy@bf52cf7} topActivityType=1 pictureInPictureParams=null shouldDockBigOverlays=false launchIntoPipHostTaskId=-1 lastParentTaskIdBeforePip=-1 displayCutoutSafeInsets=null topActivityInfo=ActivityInfo{9219764 vn.training.bai07.MainActivity} launchCookies=[] positionInParent=Point(0, 0) parentTaskId=-1 isFocused=false isVisible=false isVisibleRequested=false isSleeping=false topActivityInSizeCompat=false topActivityEligibleForLetterboxEducation= false topActivityLetterboxed= false isFromDoubleTap= false topActivityLetterboxVerticalPosition= -1 topActivityLetterboxHorizontalPosition= -1 topActivityLetterboxWidth=-1 topActivityLetterboxHeight=-1 locusId=null displayAreaFeatureId=1 cameraCompatControlState=hidden}, remoteTransition = null, displayChange = null }
10-04 11:53:07.313   546   569 I ActivityTaskManager: START u0 {act=android.intent.action.MAIN cat=[android.intent.category.LAUNCHER] flg=0x10000000 cmp=vn.training.bai07/.MainActivity} with LAUNCH_MULTIPLE from uid 2000 (BAL_ALLOW_PERMISSION) result code=0
10-04 11:53:07.313   546   750 I SdkSandboxManager: No SDKs used. Skipping SDK data reconcilation for CallingInfo{mUid=10200, mPackageName='vn.training.bai07, mAppProcessToken='null'}
10-04 11:53:07.323  1384  1384 I SafetyLabelChangedBroadcastReceiver: received broadcast packageName: vn.training.bai07, current user: UserHandle{0}, packageChangeEvent: NEW_INSTALL, intent user: UserHandle{0}
10-04 11:53:07.350   546  1574 D CoreBackPreview: Window{1b5f183 u0 Splash Screen vn.training.bai07}: Setting back callback OnBackInvokedCallbackInfo{mCallback=android.window.IOnBackInvokedCallback$Stub$Proxy@8cd1830, mPriority=0, mIsAnimationCallback=false}
10-04 11:53:07.354   546   586 I ActivityManager: Start proc 6609:vn.training.bai07/u0a200 for next-top-activity {vn.training.bai07/vn.training.bai07.MainActivity}
10-04 11:53:07.372   546   546 I AppsFilter: interaction: PackageSetting{a4ddbc7 vn.training.books.server/10194} -> PackageSetting{f0765f4 vn.training.bai07/10200} BLOCKED
10-04 11:53:07.372   546   546 I AppsFilter: interaction: PackageSetting{5eef11d com.fintrack.app/10208} -> PackageSetting{f0765f4 vn.training.bai07/10200} BLOCKED
10-04 11:53:07.372   546   546 I AppsFilter: interaction: PackageSetting{da1af92 com.shoestore.app/10195} -> PackageSetting{f0765f4 vn.training.bai07/10200} BLOCKED
10-04 11:53:07.372   546   546 I AppsFilter: interaction: PackageSetting{e426d63 vn.training.books.client/10196} -> PackageSetting{f0765f4 vn.training.bai07/10200} BLOCKED
10-04 11:53:07.372   546   546 I AppsFilter: interaction: PackageSetting{d2eed60 com.example.realtimechat/10197} -> PackageSetting{f0765f4 vn.training.bai07/10200} BLOCKED
10-04 11:53:07.373   546   546 I AppsFilter: interaction: PackageSetting{18e8219 com.haitranduc203.offlinefirstmovie.test/10217} -> PackageSetting{f0765f4 vn.training.bai07/10200} BLOCKED
10-04 11:53:07.373   546   546 I AppsFilter: interaction: PackageSetting{da732de vn.training.bai06/10199} -> PackageSetting{f0765f4 vn.training.bai07/10200} BLOCKED
10-04 11:53:07.373   546   546 I AppsFilter: interaction: PackageSetting{7647cbf vn.training.bai05/10198} -> PackageSetting{f0765f4 vn.training.bai07/10200} BLOCKED
10-04 11:53:07.373   546   546 I AppsFilter: interaction: PackageSetting{e857f8c vn.training.bai03/10193} -> PackageSetting{f0765f4 vn.training.bai07/10200} BLOCKED
10-04 11:53:07.373   546   546 I AppsFilter: interaction: PackageSetting{dfc26d5 vn.training.bai02/10192} -> PackageSetting{f0765f4 vn.training.bai07/10200} BLOCKED
10-04 11:53:07.373   546   546 I AppsFilter: interaction: PackageSetting{5ef9eea vn.training.bai01/10190} -> PackageSetting{f0765f4 vn.training.bai07/10200} BLOCKED
10-04 11:53:07.373   546   546 I AppsFilter: interaction: PackageSetting{c6e25db com.example.androidtrainingexample/10201} -> PackageSetting{f0765f4 vn.training.bai07/10200} BLOCKED
10-04 11:53:07.373   546   546 I AppsFilter: interaction: PackageSetting{cd10878 com.example.smsshield/10218} -> PackageSetting{f0765f4 vn.training.bai07/10200} BLOCKED
10-04 11:53:07.373   546   546 I AppsFilter: interaction: PackageSetting{a655b51 com.haitranduc203.offlinefirstmovie/10216} -> PackageSetting{f0765f4 vn.training.bai07/10200} BLOCKED
10-04 11:53:07.444   970   970 D CarrierSvcBindHelper: onPackageModified: vn.training.bai07
10-04 11:53:07.458   546   573 V WindowManager: Sent Transition #21 createdAt=10-04 11:53:07.283 via request=TransitionRequestInfo { type = OPEN, triggerTask = TaskInfo{userId=0 taskId=2700 displayId=0 isRunning=true baseIntent=Intent { act=android.intent.action.MAIN cat=[android.intent.category.LAUNCHER] flg=0x10000000 cmp=vn.training.bai07/.MainActivity } baseActivity=ComponentInfo{vn.training.bai07/vn.training.bai07.MainActivity} topActivity=ComponentInfo{vn.training.bai07/vn.training.bai07.MainActivity} origActivity=null realActivity=ComponentInfo{vn.training.bai07/vn.training.bai07.MainActivity} numActivities=1 lastActiveTime=769307 supportsMultiWindow=true resizeMode=1 isResizeable=true minWidth=-1 minHeight=-1 defaultMinSize=220 token=WCT{RemoteToken{6ad158f Task{4d592a4 #2700 type=standard A=10200:vn.training.bai07}}} topActivityType=1 pictureInPictureParams=null shouldDockBigOverlays=false launchIntoPipHostTaskId=-1 lastParentTaskIdBeforePip=-1 displayCutoutSafeInsets=null topActivityInfo=ActivityInfo{fddf01c vn.training.bai07.MainActivity} launchCookies=[] positionInParent=Point(0, 0) parentTaskId=-1 isFocused=false isVisible=false isVisibleRequested=false isSleeping=false topActivityInSizeCompat=false topActivityEligibleForLetterboxEducation= false topActivityLetterboxed= false isFromDoubleTap= false topActivityLetterboxVerticalPosition= -1 topActivityLetterboxHorizontalPosition= -1 topActivityLetterboxWidth=-1 topActivityLetterboxHeight=-1 locusId=null displayAreaFeatureId=1 cameraCompatControlState=hidden}, remoteTransition = null, displayChange = null }
10-04 11:53:07.458   546   573 V WindowManager:     info={id=21 t=OPEN f=0x0 trk=0 r=[0@Point(0, 0)] c=[{WCT{RemoteToken{6ad158f Task{4d592a4 #2700 type=standard A=10200:vn.training.bai07}}} m=OPEN f=NONE leash=Surface(name=Task=2700)/@0x660da4a sb=Rect(0, 0 - 780, 1710) eb=Rect(0, 0 - 780, 1710) d=0},{WCT{RemoteToken{19412c7 Task{66cc255 #2699 type=standard A=10199:vn.training.bai06}}} m=TO_BACK f=NONE leash=Surface(name=Task=2699)/@0x867848 sb=Rect(0, 0 - 780, 1710) eb=Rect(0, 0 - 780, 1710) d=0}]}
10-04 11:53:07.470   970  1263 D ImsResolver: maybeAddedImsService, packageName: vn.training.bai07
10-04 11:53:07.566  1360  1360 I AiAiEcho: AppFetcherImplV2 updateApps package:[vn.training.bai07], userId:[0], reason:[package is added.].
10-04 11:53:07.609  6609  6609 W ziparchive: Unable to open '/data/app/~~pUtLAZevXKn-Cyzo15U-dw==/vn.training.bai07-cUkqmtvSa0Rtcgh0lo-kvQ==/base.dm': No such file or directory
10-04 11:53:07.609  6609  6609 W ziparchive: Unable to open '/data/app/~~pUtLAZevXKn-Cyzo15U-dw==/vn.training.bai07-cUkqmtvSa0Rtcgh0lo-kvQ==/base.dm': No such file or directory
10-04 11:53:07.645  6609  6609 D nativeloader: Configuring clns-6 for other apk /data/app/~~pUtLAZevXKn-Cyzo15U-dw==/vn.training.bai07-cUkqmtvSa0Rtcgh0lo-kvQ==/base.apk. target_sdk_version=36, uses_libraries=, library_path=/data/app/~~pUtLAZevXKn-Cyzo15U-dw==/vn.training.bai07-cUkqmtvSa0Rtcgh0lo-kvQ==/lib/x86_64, permitted_path=/data:/mnt/expand:/data/user/0/vn.training.bai07
10-04 11:53:07.663  6609  6609 V GraphicsEnvironment: ANGLE GameManagerService for vn.training.bai07: false
10-04 11:53:07.663  6609  6609 V GraphicsEnvironment: vn.training.bai07 is not listed in per-application setting
10-04 11:53:07.737  1360  1360 I AiAiEcho: AppFetcherImpl onPackageChanged vn.training.bai07.
10-04 11:53:07.739  1360  5640 I AiAiEcho: AppIndexer Package:[vn.training.bai07] UserProfile:[0] Enabled:[true].
10-04 11:53:07.739  1360  5640 I AiAiEcho: AppFetcherImplV2 updateApps package:[vn.training.bai07], userId:[0], reason:[package is updated.].
10-04 11:53:07.832  1496  6648 I ProximityAuth: [RecentAppsMediator] Package added: (user=UserHandle{0}) vn.training.bai07
10-04 11:53:08.053   546  2728 D CoreBackPreview: Window{71831e9 u0 vn.training.bai07/vn.training.bai07.MainActivity}: Setting back callback OnBackInvokedCallbackInfo{mCallback=android.window.IOnBackInvokedCallback$Stub$Proxy@e8b8d9c, mPriority=0, mIsAnimationCallback=false}
10-04 11:53:08.358   546   573 W ziparchive: Unable to open '/data/app/~~pUtLAZevXKn-Cyzo15U-dw==/vn.training.bai07-cUkqmtvSa0Rtcgh0lo-kvQ==/base.dm': No such file or directory
10-04 11:53:08.359   546   573 I ActivityTaskManager: Displayed vn.training.bai07/.MainActivity for user 0: +1s82ms
10-04 11:53:08.363  6369  6369 I BroadcastDemo: unregistered
10-04 11:53:08.382   546  5467 I ImeTracker: vn.training.bai07:5a9e50d5: onRequestHide at ORIGIN_SERVER_HIDE_INPUT reason HIDE_UNSPECIFIED_WINDOW
10-04 11:53:08.382   546  5467 I ImeTracker: vn.training.bai07:5a9e50d5: onCancelled at PHASE_SERVER_SHOULD_HIDE
10-04 11:53:08.386   546  2728 D CoreBackPreview: Window{1b5f183 u0 Splash Screen vn.training.bai07 EXITING}: Setting back callback null
10-04 11:53:08.390   546  1574 W InputManager-JNI: Input channel object '1b5f183 Splash Screen vn.training.bai07 (client)' was disposed without first being removed with the input manager!
10-04 11:53:08.412  1313  1313 I GoogleInputMethodService: GoogleInputMethodService.onStartInput():1532 onStartInput(EditorInfo{EditorInfo{packageName=vn.training.bai07, inputType=0, inputTypeString=NULL, enableLearning=false, autoCorrection=false, autoComplete=false, imeOptions=0, privateImeOptions=null, actionName=UNSPECIFIED, actionLabel=null, initialSelStart=-1, initialSelEnd=-1, initialCapsMode=0, label=null, fieldId=0, fieldName=null, extras=null, hintText=null, hintLocales=[]}}, false)
10-04 11:53:08.418   546  5403 W PackageConfigPersister: App-specific configuration not found for packageName: vn.training.bai07 and userId: 0
10-04 11:53:12.161   546   915 I ActivityManager: Force stopping vn.training.bai07 appid=10200 user=0: from pid 6700
10-04 11:53:12.162   546   915 I ActivityManager: Killing 6609:vn.training.bai07/u0a200 (adj 0): stop vn.training.bai07 due to from pid 6700
10-04 11:53:12.163   546   915 W ActivityTaskManager: Force removing ActivityRecord{2db0d37 u0 vn.training.bai07/.MainActivity t2700 f}}: app died, no saved state
10-04 11:53:12.164   785   836 V WindowManagerShell: Transition requested: android.os.BinderProxy@de497c4 TransitionRequestInfo { type = CLOSE, triggerTask = TaskInfo{userId=0 taskId=2700 displayId=0 isRunning=false baseIntent=Intent { act=android.intent.action.MAIN cat=[android.intent.category.LAUNCHER] flg=0x10000000 cmp=vn.training.bai07/.MainActivity } baseActivity=null topActivity=null origActivity=null realActivity=ComponentInfo{vn.training.bai07/vn.training.bai07.MainActivity} numActivities=0 lastActiveTime=769484 supportsMultiWindow=true resizeMode=1 isResizeable=true minWidth=-1 minHeight=-1 defaultMinSize=220 token=WCT{android.window.IWindowContainerToken$Stub$Proxy@62a86ad} topActivityType=1 pictureInPictureParams=null shouldDockBigOverlays=false launchIntoPipHostTaskId=-1 lastParentTaskIdBeforePip=-1 displayCutoutSafeInsets=null topActivityInfo=null launchCookies=[] positionInParent=Point(0, 0) parentTaskId=-1 isFocused=true isVisible=true isVisibleRequested=true isSleeping=false topActivityInSizeCompat=false topActivityEligibleForLetterboxEducation= false topActivityLetterboxed= false isFromDoubleTap= false topActivityLetterboxVerticalPosition= -1 topActivityLetterboxHorizontalPosition= -1 topActivityLetterboxWidth=-1 topActivityLetterboxHeight=-1 locusId=null displayAreaFeatureId=1 cameraCompatControlState=hidden}, remoteTransition = null, displayChange = null }
10-04 11:53:12.172   546  3069 I ImeTracker: vn.training.bai07:ce0f03db: onRequestHide at ORIGIN_SERVER_HIDE_INPUT reason HIDE_REMOVE_CLIENT
10-04 11:53:12.174   546  5199 I WindowManager: WIN DEATH: Window{71831e9 u0 vn.training.bai07/vn.training.bai07.MainActivity}
10-04 11:53:12.174   546  3069 I ImeTracker: vn.training.bai07:ce0f03db: onCancelled at PHASE_SERVER_SHOULD_HIDE
10-04 11:53:12.175   546  5199 W InputManager-JNI: Input channel object '71831e9 vn.training.bai07/vn.training.bai07.MainActivity (client)' was disposed without first being removed with the input manager!
10-04 11:53:12.205   546   915 I AppsFilter: interaction: PackageSetting{a4ddbc7 vn.training.books.server/10194} -> PackageSetting{da92056 vn.training.bai07/10200} BLOCKED
10-04 11:53:12.205   546   915 I AppsFilter: interaction: PackageSetting{5eef11d com.fintrack.app/10208} -> PackageSetting{da92056 vn.training.bai07/10200} BLOCKED
10-04 11:53:12.205   546   915 I AppsFilter: interaction: PackageSetting{da1af92 com.shoestore.app/10195} -> PackageSetting{da92056 vn.training.bai07/10200} BLOCKED
10-04 11:53:12.205   546   915 I AppsFilter: interaction: PackageSetting{e426d63 vn.training.books.client/10196} -> PackageSetting{da92056 vn.training.bai07/10200} BLOCKED
10-04 11:53:12.205   546   915 I AppsFilter: interaction: PackageSetting{d2eed60 com.example.realtimechat/10197} -> PackageSetting{da92056 vn.training.bai07/10200} BLOCKED
10-04 11:53:12.205   546   915 I AppsFilter: interaction: PackageSetting{18e8219 com.haitranduc203.offlinefirstmovie.test/10217} -> PackageSetting{da92056 vn.training.bai07/10200} BLOCKED
10-04 11:53:12.205   546   915 I AppsFilter: interaction: PackageSetting{da732de vn.training.bai06/10199} -> PackageSetting{da92056 vn.training.bai07/10200} BLOCKED
10-04 11:53:12.205   546   915 I AppsFilter: interaction: PackageSetting{7647cbf vn.training.bai05/10198} -> PackageSetting{da92056 vn.training.bai07/10200} BLOCKED
10-04 11:53:12.205   546   915 I AppsFilter: interaction: PackageSetting{e857f8c vn.training.bai03/10193} -> PackageSetting{da92056 vn.training.bai07/10200} BLOCKED
10-04 11:53:12.205   546   915 I AppsFilter: interaction: PackageSetting{dfc26d5 vn.training.bai02/10192} -> PackageSetting{da92056 vn.training.bai07/10200} BLOCKED
10-04 11:53:12.205   546   915 I AppsFilter: interaction: PackageSetting{5ef9eea vn.training.bai01/10190} -> PackageSetting{da92056 vn.training.bai07/10200} BLOCKED
10-04 11:53:12.205   546   915 I AppsFilter: interaction: PackageSetting{c6e25db com.example.androidtrainingexample/10201} -> PackageSetting{da92056 vn.training.bai07/10200} BLOCKED
10-04 11:53:12.205   546   915 I AppsFilter: interaction: PackageSetting{cd10878 com.example.smsshield/10218} -> PackageSetting{da92056 vn.training.bai07/10200} BLOCKED
10-04 11:53:12.205   546   915 I AppsFilter: interaction: PackageSetting{a655b51 com.haitranduc203.offlinefirstmovie/10216} -> PackageSetting{da92056 vn.training.bai07/10200} BLOCKED
10-04 11:53:12.208   546  5046 V ActivityManager: Got obituary of 6609:vn.training.bai07
10-04 11:53:12.219   970   970 D CarrierSvcBindHelper: onHandleForceStop: [vn.training.bai07]
10-04 11:53:12.221  6369  6369 I BroadcastDemo: registered
10-04 11:53:12.240   546   577 W WindowManager: Failed to deliver inset control state change to w=Window{71831e9 u0 vn.training.bai07/vn.training.bai07.MainActivity EXITING}
10-04 11:53:12.249  6369  6369 I BroadcastDemo: system android.intent.action.BATTERY_CHANGED
10-04 11:53:12.259   546   573 V WindowManager: Sent Transition #22 createdAt=10-04 11:53:12.163 via request=TransitionRequestInfo { type = CLOSE, triggerTask = TaskInfo{userId=0 taskId=2700 displayId=0 isRunning=false baseIntent=Intent { act=android.intent.action.MAIN cat=[android.intent.category.LAUNCHER] flg=0x10000000 cmp=vn.training.bai07/.MainActivity } baseActivity=null topActivity=null origActivity=null realActivity=ComponentInfo{vn.training.bai07/vn.training.bai07.MainActivity} numActivities=0 lastActiveTime=769484 supportsMultiWindow=true resizeMode=1 isResizeable=true minWidth=-1 minHeight=-1 defaultMinSize=220 token=WCT{RemoteToken{6ad158f Task{4d592a4 #2700 type=standard A=10200:vn.training.bai07}}} topActivityType=1 pictureInPictureParams=null shouldDockBigOverlays=false launchIntoPipHostTaskId=-1 lastParentTaskIdBeforePip=-1 displayCutoutSafeInsets=null topActivityInfo=null launchCookies=[] positionInParent=Point(0, 0) parentTaskId=-1 isFocused=true isVisible=true isVisibleRequested=true isSleeping=false topActivityInSizeCompat=false topActivityEligibleForLetterboxEducation= false topActivityLetterboxed= false isFromDoubleTap= false topActivityLetterboxVerticalPosition= -1 topActivityLetterboxHorizontalPosition= -1 topActivityLetterboxWidth=-1 topActivityLetterboxHeight=-1 locusId=null displayAreaFeatureId=1 cameraCompatControlState=hidden}, remoteTransition = null, displayChange = null }
10-04 11:53:12.259   546   573 V WindowManager:     info={id=22 t=CLOSE f=0x0 trk=0 r=[0@Point(0, 0)] c=[{WCT{RemoteToken{6ad158f Task{4d592a4 #2700 type=standard A=10200:vn.training.bai07}}} m=CLOSE f=NONE leash=Surface(name=Task=2700)/@0x660da4a sb=Rect(0, 0 - 780, 1710) eb=Rect(0, 0 - 780, 1710) d=0},{WCT{RemoteToken{19412c7 Task{66cc255 #2699 type=standard A=10199:vn.training.bai06}}} m=TO_FRONT f=NONE leash=Surface(name=Task=2699)/@0x867848 sb=Rect(0, 0 - 780, 1710) eb=Rect(0, 0 - 780, 1710) d=0}]}
10-04 11:53:12.293   546  2728 I ActivityTaskManager: Add Task{4d592a4 #2700 type=standard A=10200:vn.training.bai07} to hidden list because adding Task{4371f60 #2701 type=standard A=10200:vn.training.bai07}
10-04 11:53:12.294   546  2728 I ActivityTaskManager: START u0 {flg=0x10000000 cmp=vn.training.bai07/.MainActivity} with LAUNCH_MULTIPLE from uid 2000 (BAL_ALLOW_PERMISSION) result code=0
10-04 11:53:12.295   546  1135 W WindowManager: Exception thrown during dispatchAppVisibility Window{71831e9 u0 vn.training.bai07/vn.training.bai07.MainActivity EXITING}
10-04 11:53:12.302   785   836 V WindowManagerShell: Transition requested: android.os.BinderProxy@1ff79f4 TransitionRequestInfo { type = OPEN, triggerTask = TaskInfo{userId=0 taskId=2701 displayId=0 isRunning=true baseIntent=Intent { flg=0x10000000 cmp=vn.training.bai07/.MainActivity } baseActivity=ComponentInfo{vn.training.bai07/vn.training.bai07.MainActivity} topActivity=ComponentInfo{vn.training.bai07/vn.training.bai07.MainActivity} origActivity=null realActivity=ComponentInfo{vn.training.bai07/vn.training.bai07.MainActivity} numActivities=1 lastActiveTime=774293 supportsMultiWindow=true resizeMode=1 isResizeable=true minWidth=-1 minHeight=-1 defaultMinSize=220 token=WCT{android.window.IWindowContainerToken$Stub$Proxy@7a7751d} topActivityType=1 pictureInPictureParams=null shouldDockBigOverlays=false launchIntoPipHostTaskId=-1 lastParentTaskIdBeforePip=-1 displayCutoutSafeInsets=null topActivityInfo=ActivityInfo{969e392 vn.training.bai07.MainActivity} launchCookies=[] positionInParent=Point(0, 0) parentTaskId=-1 isFocused=false isVisible=false isVisibleRequested=false isSleeping=false topActivityInSizeCompat=false topActivityEligibleForLetterboxEducation= false topActivityLetterboxed= false isFromDoubleTap= false topActivityLetterboxVerticalPosition= -1 topActivityLetterboxHorizontalPosition= -1 topActivityLetterboxWidth=-1 topActivityLetterboxHeight=-1 locusId=null displayAreaFeatureId=1 cameraCompatControlState=hidden}, remoteTransition = null, displayChange = null }
10-04 11:53:12.319   546   586 I ActivityManager: Start proc 6709:vn.training.bai07/u0a200 for next-top-activity {vn.training.bai07/vn.training.bai07.MainActivity}
10-04 11:53:12.329   546   915 D CoreBackPreview: Window{e3bc624 u0 Splash Screen vn.training.bai07}: Setting back callback OnBackInvokedCallbackInfo{mCallback=android.window.IOnBackInvokedCallback$Stub$Proxy@c5daf53, mPriority=0, mIsAnimationCallback=false}
10-04 11:53:12.386   546   573 V WindowManager: Sent Transition #23 createdAt=10-04 11:53:12.287 via request=TransitionRequestInfo { type = OPEN, triggerTask = TaskInfo{userId=0 taskId=2701 displayId=0 isRunning=true baseIntent=Intent { flg=0x10000000 cmp=vn.training.bai07/.MainActivity } baseActivity=ComponentInfo{vn.training.bai07/vn.training.bai07.MainActivity} topActivity=ComponentInfo{vn.training.bai07/vn.training.bai07.MainActivity} origActivity=null realActivity=ComponentInfo{vn.training.bai07/vn.training.bai07.MainActivity} numActivities=1 lastActiveTime=774293 supportsMultiWindow=true resizeMode=1 isResizeable=true minWidth=-1 minHeight=-1 defaultMinSize=220 token=WCT{RemoteToken{17071a8 Task{4371f60 #2701 type=standard A=10200:vn.training.bai07}}} topActivityType=1 pictureInPictureParams=null shouldDockBigOverlays=false launchIntoPipHostTaskId=-1 lastParentTaskIdBeforePip=-1 displayCutoutSafeInsets=null topActivityInfo=ActivityInfo{f71c4c1 vn.training.bai07.MainActivity} launchCookies=[] positionInParent=Point(0, 0) parentTaskId=-1 isFocused=false isVisible=false isVisibleRequested=false isSleeping=false topActivityInSizeCompat=false topActivityEligibleForLetterboxEducation= false topActivityLetterboxed= false isFromDoubleTap= false topActivityLetterboxVerticalPosition= -1 topActivityLetterboxHorizontalPosition= -1 topActivityLetterboxWidth=-1 topActivityLetterboxHeight=-1 locusId=null displayAreaFeatureId=1 cameraCompatControlState=hidden}, remoteTransition = null, displayChange = null }
10-04 11:53:12.386   546   573 V WindowManager:     info={id=23 t=OPEN f=0x0 trk=1 r=[0@Point(0, 0)] c=[{WCT{RemoteToken{17071a8 Task{4371f60 #2701 type=standard A=10200:vn.training.bai07}}} m=OPEN f=NONE leash=Surface(name=Task=2701)/@0xd89118e sb=Rect(0, 0 - 780, 1710) eb=Rect(0, 0 - 780, 1710) d=0},{WCT{RemoteToken{19412c7 Task{66cc255 #2699 type=standard A=10199:vn.training.bai06}}} m=TO_BACK f=NONE leash=Surface(name=Task=2699)/@0x867848 sb=Rect(0, 0 - 780, 1710) eb=Rect(0, 0 - 780, 1710) d=0}]}
10-04 11:53:12.473  6709  6709 W ziparchive: Unable to open '/data/app/~~pUtLAZevXKn-Cyzo15U-dw==/vn.training.bai07-cUkqmtvSa0Rtcgh0lo-kvQ==/base.dm': No such file or directory
10-04 11:53:12.473  6709  6709 W ziparchive: Unable to open '/data/app/~~pUtLAZevXKn-Cyzo15U-dw==/vn.training.bai07-cUkqmtvSa0Rtcgh0lo-kvQ==/base.dm': No such file or directory
10-04 11:53:12.501  6709  6709 D nativeloader: Configuring clns-6 for other apk /data/app/~~pUtLAZevXKn-Cyzo15U-dw==/vn.training.bai07-cUkqmtvSa0Rtcgh0lo-kvQ==/base.apk. target_sdk_version=36, uses_libraries=, library_path=/data/app/~~pUtLAZevXKn-Cyzo15U-dw==/vn.training.bai07-cUkqmtvSa0Rtcgh0lo-kvQ==/lib/x86_64, permitted_path=/data:/mnt/expand:/data/user/0/vn.training.bai07
10-04 11:53:12.514  6709  6709 V GraphicsEnvironment: ANGLE GameManagerService for vn.training.bai07: false
10-04 11:53:12.514  6709  6709 V GraphicsEnvironment: vn.training.bai07 is not listed in per-application setting
10-04 11:53:12.770   546  5046 D CoreBackPreview: Window{d546031 u0 vn.training.bai07/vn.training.bai07.MainActivity}: Setting back callback OnBackInvokedCallbackInfo{mCallback=android.window.IOnBackInvokedCallback$Stub$Proxy@23d2684, mPriority=0, mIsAnimationCallback=false}
10-04 11:53:13.056   546   573 W ziparchive: Unable to open '/data/app/~~pUtLAZevXKn-Cyzo15U-dw==/vn.training.bai07-cUkqmtvSa0Rtcgh0lo-kvQ==/base.dm': No such file or directory
10-04 11:53:13.057   546   573 I ActivityTaskManager: Displayed vn.training.bai07/.MainActivity for user 0: +773ms
10-04 11:53:13.067  6369  6369 I BroadcastDemo: unregistered
10-04 11:53:13.075   546  5046 I ImeTracker: vn.training.bai07:7ea4d6d7: onRequestHide at ORIGIN_SERVER_HIDE_INPUT reason HIDE_UNSPECIFIED_WINDOW
10-04 11:53:13.075   546  5046 I ImeTracker: vn.training.bai07:7ea4d6d7: onCancelled at PHASE_SERVER_SHOULD_HIDE
10-04 11:53:13.100   546  5046 D CoreBackPreview: Window{e3bc624 u0 Splash Screen vn.training.bai07 EXITING}: Setting back callback null
10-04 11:53:13.101   546   915 W InputManager-JNI: Input channel object 'e3bc624 Splash Screen vn.training.bai07 (client)' was disposed without first being removed with the input manager!
10-04 11:53:13.103  1313  1313 I GoogleInputMethodService: GoogleInputMethodService.onStartInput():1532 onStartInput(EditorInfo{EditorInfo{packageName=vn.training.bai07, inputType=0, inputTypeString=NULL, enableLearning=false, autoCorrection=false, autoComplete=false, imeOptions=0, privateImeOptions=null, actionName=UNSPECIFIED, actionLabel=null, initialSelStart=-1, initialSelEnd=-1, initialCapsMode=0, label=null, fieldId=0, fieldName=null, extras=null, hintText=null, hintLocales=[]}}, false)
10-04 11:53:13.109   546   915 W PackageConfigPersister: App-specific configuration not found for packageName: vn.training.bai07 and userId: 0
10-04 11:53:15.984  6709  6709 I FullScreenDemo: event=101 label=Sự kiện A fullScreen=true importance=4
10-04 11:53:15.990  6709  6709 I FullScreenDemo: event=102 label=Sự kiện B fullScreen=true importance=4
10-04 11:53:16.192   546   546 V ActivityThread: getPackageInfo() caused update to cached ApplicationInfo for package vn.training.bai07
10-04 11:53:16.194   546   546 E NotificationService: Muting recently noisy 0|vn.training.bai07|102|null|10200
10-04 11:53:18.382  6709  6799 D ProfileInstaller: Installing profile for vn.training.bai07