10-04 11:52:27.068   546   616 V BackupManagerService: [UserID:0] restoreAtInstall pkg=vn.training.bai05 token=6 restoreSet=0
10-04 11:52:27.069   546   616 I AppsFilter: interaction: PackageSetting{9dd3787 vn.training.books.server/10194} -> PackageSetting{385f6b4 vn.training.bai05/10198} BLOCKED
10-04 11:52:27.069   546   616 I AppsFilter: interaction: PackageSetting{7987c57 com.fintrack.app/10208} -> PackageSetting{385f6b4 vn.training.bai05/10198} BLOCKED
10-04 11:52:27.069   546   616 I AppsFilter: interaction: PackageSetting{419a344 com.shoestore.app/10195} -> PackageSetting{385f6b4 vn.training.bai05/10198} BLOCKED
10-04 11:52:27.069   546   616 I AppsFilter: interaction: PackageSetting{2a391d6 vn.training.books.client/10196} -> PackageSetting{385f6b4 vn.training.bai05/10198} BLOCKED
10-04 11:52:27.069   546   616 I AppsFilter: interaction: PackageSetting{9416c2d com.example.realtimechat/10197} -> PackageSetting{385f6b4 vn.training.bai05/10198} BLOCKED
10-04 11:52:27.069   546   616 I AppsFilter: interaction: PackageSetting{79ef562 com.haitranduc203.offlinefirstmovie.test/10217} -> PackageSetting{385f6b4 vn.training.bai05/10198} BLOCKED
10-04 11:52:27.069   546   616 I AppsFilter: interaction: PackageSetting{93e86f3 vn.training.bai03/10193} -> PackageSetting{385f6b4 vn.training.bai05/10198} BLOCKED
10-04 11:52:27.069   546   616 I AppsFilter: interaction: PackageSetting{fafafb0 vn.training.bai02/10192} -> PackageSetting{385f6b4 vn.training.bai05/10198} BLOCKED
10-04 11:52:27.069   546   616 I AppsFilter: interaction: PackageSetting{7759e29 vn.training.bai01/10190} -> PackageSetting{385f6b4 vn.training.bai05/10198} BLOCKED
10-04 11:52:27.069   546   616 I AppsFilter: interaction: PackageSetting{ffb05ae com.example.androidtrainingexample/10201} -> PackageSetting{385f6b4 vn.training.bai05/10198} BLOCKED
10-04 11:52:27.069   546   616 I AppsFilter: interaction: PackageSetting{c309f4f com.example.smsshield/10218} -> PackageSetting{385f6b4 vn.training.bai05/10198} BLOCKED
10-04 11:52:27.069   546   616 I AppsFilter: interaction: PackageSetting{75816dc com.haitranduc203.offlinefirstmovie/10216} -> PackageSetting{385f6b4 vn.training.bai05/10198} BLOCKED
10-04 11:52:27.073  1352  4080 D MediaGrants: Removed 0 media_grants for 0 user for vn.training.bai05. Reason: Mode changed: android:read_external_storage
10-04 11:52:27.080  1352  4080 D MediaGrants: Removed 0 media_grants for 0 user for vn.training.bai05. Reason: Mode changed: android:read_external_storage
10-04 11:52:27.096   970   970 D CarrierSvcBindHelper: onPackageAdded: vn.training.bai05
10-04 11:52:27.099   970  1263 D ImsResolver: maybeAddedImsService, packageName: vn.training.bai05
10-04 11:52:27.119   785   836 V WindowManagerShell: Transition requested: android.os.BinderProxy@93fdeaa TransitionRequestInfo { type = OPEN, triggerTask = TaskInfo{userId=0 taskId=2698 displayId=0 isRunning=true baseIntent=Intent { act=android.intent.action.MAIN cat=[android.intent.category.LAUNCHER] flg=0x10000000 cmp=vn.training.bai05/.MainActivity } baseActivity=ComponentInfo{vn.training.bai05/vn.training.bai05.MainActivity} topActivity=ComponentInfo{vn.training.bai05/vn.training.bai05.MainActivity} origActivity=null realActivity=ComponentInfo{vn.training.bai05/vn.training.bai05.MainActivity} numActivities=1 lastActiveTime=729118 supportsMultiWindow=true resizeMode=1 isResizeable=true minWidth=-1 minHeight=-1 defaultMinSize=220 token=WCT{android.window.IWindowContainerToken$Stub$Proxy@785ca9b} topActivityType=1 pictureInPictureParams=null shouldDockBigOverlays=false launchIntoPipHostTaskId=-1 lastParentTaskIdBeforePip=-1 displayCutoutSafeInsets=null topActivityInfo=ActivityInfo{694ae38 vn.training.bai05.MainActivity} launchCookies=[] positionInParent=Point(0, 0) parentTaskId=-1 isFocused=false isVisible=false isVisibleRequested=false isSleeping=false topActivityInSizeCompat=false topActivityEligibleForLetterboxEducation= false topActivityLetterboxed= false isFromDoubleTap= false topActivityLetterboxVerticalPosition= -1 topActivityLetterboxHorizontalPosition= -1 topActivityLetterboxWidth=-1 topActivityLetterboxHeight=-1 locusId=null displayAreaFeatureId=1 cameraCompatControlState=hidden}, remoteTransition = null, displayChange = null }
10-04 11:52:27.122   546  1574 I ActivityTaskManager: START u0 {act=android.intent.action.MAIN cat=[android.intent.category.LAUNCHER] flg=0x10000000 cmp=vn.training.bai05/.MainActivity} with LAUNCH_MULTIPLE from uid 2000 (BAL_ALLOW_PERMISSION) result code=0
10-04 11:52:27.152  1384  1384 I SafetyLabelChangedBroadcastReceiver: received broadcast packageName: vn.training.bai05, current user: UserHandle{0}, packageChangeEvent: NEW_INSTALL, intent user: UserHandle{0}
10-04 11:52:27.160   546   750 I SdkSandboxManager: No SDKs used. Skipping SDK data reconcilation for CallingInfo{mUid=10198, mPackageName='vn.training.bai05, mAppProcessToken='null'}
10-04 11:52:27.165   546  2158 D CoreBackPreview: Window{c25d038 u0 Splash Screen vn.training.bai05}: Setting back callback OnBackInvokedCallbackInfo{mCallback=android.window.IOnBackInvokedCallback$Stub$Proxy@1849c13, mPriority=0, mIsAnimationCallback=false}
10-04 11:52:27.259   546   546 I AppsFilter: interaction: PackageSetting{7d509c8 vn.training.books.server/10194} -> PackageSetting{7604a61 vn.training.bai05/10198} BLOCKED
10-04 11:52:27.259   546   546 I AppsFilter: interaction: PackageSetting{2af6986 com.fintrack.app/10208} -> PackageSetting{7604a61 vn.training.bai05/10198} BLOCKED
10-04 11:52:27.259   546   546 I AppsFilter: interaction: PackageSetting{a7af247 com.shoestore.app/10195} -> PackageSetting{7604a61 vn.training.bai05/10198} BLOCKED
10-04 11:52:27.259   546   546 I AppsFilter: interaction: PackageSetting{614fa74 vn.training.books.client/10196} -> PackageSetting{7604a61 vn.training.bai05/10198} BLOCKED
10-04 11:52:27.259   546   546 I AppsFilter: interaction: PackageSetting{4f62b9d com.example.realtimechat/10197} -> PackageSetting{7604a61 vn.training.bai05/10198} BLOCKED
10-04 11:52:27.259   546   546 I AppsFilter: interaction: PackageSetting{6889812 com.haitranduc203.offlinefirstmovie.test/10217} -> PackageSetting{7604a61 vn.training.bai05/10198} BLOCKED
10-04 11:52:27.259   546   546 I AppsFilter: interaction: PackageSetting{66a6be3 vn.training.bai03/10193} -> PackageSetting{7604a61 vn.training.bai05/10198} BLOCKED
10-04 11:52:27.259   546   546 I AppsFilter: interaction: PackageSetting{cc149e0 vn.training.bai02/10192} -> PackageSetting{7604a61 vn.training.bai05/10198} BLOCKED
10-04 11:52:27.259   546   546 I AppsFilter: interaction: PackageSetting{60ee499 vn.training.bai01/10190} -> PackageSetting{7604a61 vn.training.bai05/10198} BLOCKED
10-04 11:52:27.259   546   546 I AppsFilter: interaction: PackageSetting{554235e com.example.androidtrainingexample/10201} -> PackageSetting{7604a61 vn.training.bai05/10198} BLOCKED
10-04 11:52:27.259   546   546 I AppsFilter: interaction: PackageSetting{4de33f com.example.smsshield/10218} -> PackageSetting{7604a61 vn.training.bai05/10198} BLOCKED
10-04 11:52:27.259   546   546 I AppsFilter: interaction: PackageSetting{e21240c com.haitranduc203.offlinefirstmovie/10216} -> PackageSetting{7604a61 vn.training.bai05/10198} BLOCKED
10-04 11:52:27.265   546   586 I ActivityManager: Start proc 6099:vn.training.bai05/u0a198 for next-top-activity {vn.training.bai05/vn.training.bai05.MainActivity}
10-04 11:52:27.276   546   573 V WindowManager: Sent Transition #18 createdAt=10-04 11:52:27.108 via request=TransitionRequestInfo { type = OPEN, triggerTask = TaskInfo{userId=0 taskId=2698 displayId=0 isRunning=true baseIntent=Intent { act=android.intent.action.MAIN cat=[android.intent.category.LAUNCHER] flg=0x10000000 cmp=vn.training.bai05/.MainActivity } baseActivity=ComponentInfo{vn.training.bai05/vn.training.bai05.MainActivity} topActivity=ComponentInfo{vn.training.bai05/vn.training.bai05.MainActivity} origActivity=null realActivity=ComponentInfo{vn.training.bai05/vn.training.bai05.MainActivity} numActivities=1 lastActiveTime=729118 supportsMultiWindow=true resizeMode=1 isResizeable=true minWidth=-1 minHeight=-1 defaultMinSize=220 token=WCT{RemoteToken{12329c2 Task{e25dab6 #2698 type=standard A=10198:vn.training.bai05}}} topActivityType=1 pictureInPictureParams=null shouldDockBigOverlays=false launchIntoPipHostTaskId=-1 lastParentTaskIdBeforePip=-1 displayCutoutSafeInsets=null topActivityInfo=ActivityInfo{be13d3 vn.training.bai05.MainActivity} launchCookies=[] positionInParent=Point(0, 0) parentTaskId=-1 isFocused=false isVisible=false isVisibleRequested=false isSleeping=false topActivityInSizeCompat=false topActivityEligibleForLetterboxEducation= false topActivityLetterboxed= false isFromDoubleTap= false topActivityLetterboxVerticalPosition= -1 topActivityLetterboxHorizontalPosition= -1 topActivityLetterboxWidth=-1 topActivityLetterboxHeight=-1 locusId=null displayAreaFeatureId=1 cameraCompatControlState=hidden}, remoteTransition = null, displayChange = null }
10-04 11:52:27.277   546   573 V WindowManager:     info={id=18 t=OPEN f=0x0 trk=0 r=[0@Point(0, 0)] c=[{WCT{RemoteToken{12329c2 Task{e25dab6 #2698 type=standard A=10198:vn.training.bai05}}} m=OPEN f=NONE leash=Surface(name=Task=2698)/@0xe7efb37 sb=Rect(0, 0 - 780, 1710) eb=Rect(0, 0 - 780, 1710) d=0},{WCT{RemoteToken{7bdc4c8 Task{fb58d00 #2697 type=standard A=10196:vn.training.books.client}}} m=TO_BACK f=NONE leash=Surface(name=Task=2697)/@0xfcae2e4 sb=Rect(0, 0 - 780, 1710) eb=Rect(0, 0 - 780, 1710) d=0}]}
10-04 11:52:27.363   970   970 D CarrierSvcBindHelper: onPackageModified: vn.training.bai05
10-04 11:52:27.368  6099  6099 W ziparchive: Unable to open '/data/app/~~Agx76WbK1MYa0OzhPfrJQw==/vn.training.bai05-I5KwRRj9DovL-c46pawTyQ==/base.dm': No such file or directory
10-04 11:52:27.368  6099  6099 W ziparchive: Unable to open '/data/app/~~Agx76WbK1MYa0OzhPfrJQw==/vn.training.bai05-I5KwRRj9DovL-c46pawTyQ==/base.dm': No such file or directory
10-04 11:52:27.389   970  1263 D ImsResolver: maybeAddedImsService, packageName: vn.training.bai05
10-04 11:52:27.403  6099  6099 D nativeloader: Configuring clns-6 for other apk /data/app/~~Agx76WbK1MYa0OzhPfrJQw==/vn.training.bai05-I5KwRRj9DovL-c46pawTyQ==/base.apk. target_sdk_version=36, uses_libraries=, library_path=/data/app/~~Agx76WbK1MYa0OzhPfrJQw==/vn.training.bai05-I5KwRRj9DovL-c46pawTyQ==/lib/x86_64, permitted_path=/data:/mnt/expand:/data/user/0/vn.training.bai05
10-04 11:52:27.420  1360  1360 I AiAiEcho: AppFetcherImplV2 updateApps package:[vn.training.bai05], userId:[0], reason:[package is added.].
10-04 11:52:27.430  6099  6099 V GraphicsEnvironment: ANGLE GameManagerService for vn.training.bai05: false
10-04 11:52:27.430  6099  6099 V GraphicsEnvironment: vn.training.bai05 is not listed in per-application setting
10-04 11:52:27.492  1360  1360 I AiAiEcho: AppFetcherImpl onPackageChanged vn.training.bai05.
10-04 11:52:27.494  1360  5736 I AiAiEcho: AppIndexer Package:[vn.training.bai05] UserProfile:[0] Enabled:[true].
10-04 11:52:27.494  1360  5736 I AiAiEcho: AppFetcherImplV2 updateApps package:[vn.training.bai05], userId:[0], reason:[package is updated.].
10-04 11:52:27.659  1496  6131 I ProximityAuth: [RecentAppsMediator] Package added: (user=UserHandle{0}) vn.training.bai05
10-04 11:52:27.872   546  3086 D CoreBackPreview: Window{6d18896 u0 vn.training.bai05/vn.training.bai05.MainActivity}: Setting back callback OnBackInvokedCallbackInfo{mCallback=android.window.IOnBackInvokedCallback$Stub$Proxy@45852b3, mPriority=0, mIsAnimationCallback=false}
10-04 11:52:28.145   546   573 W ziparchive: Unable to open '/data/app/~~Agx76WbK1MYa0OzhPfrJQw==/vn.training.bai05-I5KwRRj9DovL-c46pawTyQ==/base.dm': No such file or directory
10-04 11:52:28.146   546   573 I ActivityTaskManager: Displayed vn.training.bai05/.MainActivity for user 0: +1s41ms
10-04 11:52:28.175   546   630 D CoreBackPreview: Window{c25d038 u0 Splash Screen vn.training.bai05 EXITING}: Setting back callback null
10-04 11:52:28.176   546  3086 W InputManager-JNI: Input channel object 'c25d038 Splash Screen vn.training.bai05 (client)' was disposed without first being removed with the input manager!
10-04 11:52:28.181   546  1555 I ImeTracker: vn.training.bai05:efd6b57e: onRequestHide at ORIGIN_SERVER_HIDE_INPUT reason HIDE_UNSPECIFIED_WINDOW
10-04 11:52:28.182   546  1555 I ImeTracker: vn.training.bai05:efd6b57e: onCancelled at PHASE_SERVER_SHOULD_HIDE
10-04 11:52:28.217  1313  1313 I GoogleInputMethodService: GoogleInputMethodService.onStartInput():1532 onStartInput(EditorInfo{EditorInfo{packageName=vn.training.bai05, inputType=0, inputTypeString=NULL, enableLearning=false, autoCorrection=false, autoComplete=false, imeOptions=0, privateImeOptions=null, actionName=UNSPECIFIED, actionLabel=null, initialSelStart=-1, initialSelEnd=-1, initialCapsMode=0, label=null, fieldId=0, fieldName=null, extras=null, hintText=null, hintLocales=[]}}, false)
10-04 11:52:28.218   546  1555 W PackageConfigPersister: App-specific configuration not found for packageName: vn.training.bai05 and userId: 0
10-04 11:52:33.576  6099  6207 D ProfileInstaller: Installing profile for vn.training.bai05
10-04 11:52:42.029  1352  4080 I MediaProvider: Deleted 0 1 0 0 0 0 0 items on external due to vn.training.bai05