10-04 12:11:30.783   546   585 I ActivityManager: Force stopping vn.training.bai06 appid=10199 user=-1: installPackageLI
10-04 12:11:30.784   546   616 I PackageManager: Update package vn.training.bai06 code path from /data/app/~~walG-V09W04Guo0TzCWZsw==/vn.training.bai06-U9gQkrWe9ZTZ4WPIvupjLg== to /data/app/~~ZLQ1SDcQTH7N_EDfOeXhAg==/vn.training.bai06-2CjvNePKjuMRwvsj5PZCcg==; Retain data and using new
10-04 12:11:30.784   546   616 I AppsFilter: interaction: PackageSetting{cf9be05 vn.training.books.server/10194} -> PackageSetting{60fb4c2 vn.training.bai06/10199} BLOCKED
10-04 12:11:30.784   546   616 I AppsFilter: interaction: PackageSetting{dcda133 com.fintrack.app/10208} -> PackageSetting{60fb4c2 vn.training.bai06/10199} BLOCKED
10-04 12:11:30.784   546   616 I AppsFilter: interaction: PackageSetting{aafc84 com.shoestore.app/10195} -> PackageSetting{60fb4c2 vn.training.bai06/10199} BLOCKED
10-04 12:11:30.784   546   616 I AppsFilter: interaction: PackageSetting{8a0418a vn.training.books.client/10196} -> PackageSetting{60fb4c2 vn.training.bai06/10199} BLOCKED
10-04 12:11:30.784   546   616 I AppsFilter: interaction: PackageSetting{592351 com.example.realtimechat/10197} -> PackageSetting{60fb4c2 vn.training.bai06/10199} BLOCKED
10-04 12:11:30.784   546   616 I AppsFilter: interaction: PackageSetting{722fd91 com.haitranduc203.offlinefirstmovie.test/10217} -> PackageSetting{60fb4c2 vn.training.bai06/10199} BLOCKED
10-04 12:11:30.784   546   616 I AppsFilter: interaction: PackageSetting{5dd2b96 vn.training.bai07/10200} -> PackageSetting{60fb4c2 vn.training.bai06/10199} BLOCKED
10-04 12:11:30.784   546   616 I AppsFilter: interaction: PackageSetting{95908a7 vn.training.bai05/10198} -> PackageSetting{60fb4c2 vn.training.bai06/10199} BLOCKED
10-04 12:11:30.784   546   616 I AppsFilter: interaction: PackageSetting{e1f6584 vn.training.bai03/10193} -> PackageSetting{60fb4c2 vn.training.bai06/10199} BLOCKED
10-04 12:11:30.784   546   616 I AppsFilter: interaction: PackageSetting{9b4be5 vn.training.bai02/10192} -> PackageSetting{60fb4c2 vn.training.bai06/10199} BLOCKED
10-04 12:11:30.784   546   616 I AppsFilter: interaction: PackageSetting{f9004e0 vn.training.bai01/10190} -> PackageSetting{60fb4c2 vn.training.bai06/10199} BLOCKED
10-04 12:11:30.784   546   616 I AppsFilter: interaction: PackageSetting{85469c com.example.androidtrainingexample/10201} -> PackageSetting{60fb4c2 vn.training.bai06/10199} BLOCKED
10-04 12:11:30.784   546   616 I AppsFilter: interaction: PackageSetting{6c7a6e9 com.example.smsshield/10218} -> PackageSetting{60fb4c2 vn.training.bai06/10199} BLOCKED
10-04 12:11:30.784   546   616 I AppsFilter: interaction: PackageSetting{95c6a6c com.haitranduc203.offlinefirstmovie/10216} -> PackageSetting{60fb4c2 vn.training.bai06/10199} BLOCKED
10-04 12:11:30.784   546   616 I AppsFilter: interaction: PackageSetting{cf9be05 vn.training.books.server/10194} -> PackageSetting{4a8087f vn.training.bai06/10199} BLOCKED
10-04 12:11:30.784   546   616 I AppsFilter: interaction: PackageSetting{dcda133 com.fintrack.app/10208} -> PackageSetting{4a8087f vn.training.bai06/10199} BLOCKED
10-04 12:11:30.784   546   616 I AppsFilter: interaction: PackageSetting{aafc84 com.shoestore.app/10195} -> PackageSetting{4a8087f vn.training.bai06/10199} BLOCKED
10-04 12:11:30.784   546   616 I AppsFilter: interaction: PackageSetting{8a0418a vn.training.books.client/10196} -> PackageSetting{4a8087f vn.training.bai06/10199} BLOCKED
10-04 12:11:30.784   546   616 I AppsFilter: interaction: PackageSetting{592351 com.example.realtimechat/10197} -> PackageSetting{4a8087f vn.training.bai06/10199} BLOCKED
10-04 12:11:30.784   546   616 I AppsFilter: interaction: PackageSetting{722fd91 com.haitranduc203.offlinefirstmovie.test/10217} -> PackageSetting{4a8087f vn.training.bai06/10199} BLOCKED
10-04 12:11:30.784   546   616 I AppsFilter: interaction: PackageSetting{5dd2b96 vn.training.bai07/10200} -> PackageSetting{4a8087f vn.training.bai06/10199} BLOCKED
10-04 12:11:30.784   546   616 I AppsFilter: interaction: PackageSetting{95908a7 vn.training.bai05/10198} -> PackageSetting{4a8087f vn.training.bai06/10199} BLOCKED
10-04 12:11:30.784   546   616 I AppsFilter: interaction: PackageSetting{e1f6584 vn.training.bai03/10193} -> PackageSetting{4a8087f vn.training.bai06/10199} BLOCKED
10-04 12:11:30.784   546   616 I AppsFilter: interaction: PackageSetting{9b4be5 vn.training.bai02/10192} -> PackageSetting{4a8087f vn.training.bai06/10199} BLOCKED
10-04 12:11:30.784   546   616 I AppsFilter: interaction: PackageSetting{f9004e0 vn.training.bai01/10190} -> PackageSetting{4a8087f vn.training.bai06/10199} BLOCKED
10-04 12:11:30.784   546   616 I AppsFilter: interaction: PackageSetting{85469c com.example.androidtrainingexample/10201} -> PackageSetting{4a8087f vn.training.bai06/10199} BLOCKED
10-04 12:11:30.784   546   616 I AppsFilter: interaction: PackageSetting{6c7a6e9 com.example.smsshield/10218} -> PackageSetting{4a8087f vn.training.bai06/10199} BLOCKED
10-04 12:11:30.784   546   616 I AppsFilter: interaction: PackageSetting{95c6a6c com.haitranduc203.offlinefirstmovie/10216} -> PackageSetting{4a8087f vn.training.bai06/10199} BLOCKED
10-04 12:11:30.910   546   616 I AppsFilter: interaction: PackageSetting{cf9be05 vn.training.books.server/10194} -> PackageSetting{4a8087f vn.training.bai06/10199} BLOCKED
10-04 12:11:30.910   546   616 I AppsFilter: interaction: PackageSetting{dcda133 com.fintrack.app/10208} -> PackageSetting{4a8087f vn.training.bai06/10199} BLOCKED
10-04 12:11:30.910   546   616 I AppsFilter: interaction: PackageSetting{aafc84 com.shoestore.app/10195} -> PackageSetting{4a8087f vn.training.bai06/10199} BLOCKED
10-04 12:11:30.910   546   616 I AppsFilter: interaction: PackageSetting{8a0418a vn.training.books.client/10196} -> PackageSetting{4a8087f vn.training.bai06/10199} BLOCKED
10-04 12:11:30.910   546   616 I AppsFilter: interaction: PackageSetting{592351 com.example.realtimechat/10197} -> PackageSetting{4a8087f vn.training.bai06/10199} BLOCKED
10-04 12:11:30.910   546   616 I AppsFilter: interaction: PackageSetting{722fd91 com.haitranduc203.offlinefirstmovie.test/10217} -> PackageSetting{4a8087f vn.training.bai06/10199} BLOCKED
10-04 12:11:30.910   546   616 I AppsFilter: interaction: PackageSetting{5dd2b96 vn.training.bai07/10200} -> PackageSetting{4a8087f vn.training.bai06/10199} BLOCKED
10-04 12:11:30.910   546   616 I AppsFilter: interaction: PackageSetting{95908a7 vn.training.bai05/10198} -> PackageSetting{4a8087f vn.training.bai06/10199} BLOCKED
10-04 12:11:30.910   546   616 I AppsFilter: interaction: PackageSetting{e1f6584 vn.training.bai03/10193} -> PackageSetting{4a8087f vn.training.bai06/10199} BLOCKED
10-04 12:11:30.910   546   616 I AppsFilter: interaction: PackageSetting{9b4be5 vn.training.bai02/10192} -> PackageSetting{4a8087f vn.training.bai06/10199} BLOCKED
10-04 12:11:30.910   546   616 I AppsFilter: interaction: PackageSetting{f9004e0 vn.training.bai01/10190} -> PackageSetting{4a8087f vn.training.bai06/10199} BLOCKED
10-04 12:11:30.910   546   616 I AppsFilter: interaction: PackageSetting{85469c com.example.androidtrainingexample/10201} -> PackageSetting{4a8087f vn.training.bai06/10199} BLOCKED
10-04 12:11:30.910   546   616 I AppsFilter: interaction: PackageSetting{6c7a6e9 com.example.smsshield/10218} -> PackageSetting{4a8087f vn.training.bai06/10199} BLOCKED
10-04 12:11:30.910   546   616 I AppsFilter: interaction: PackageSetting{95c6a6c com.haitranduc203.offlinefirstmovie/10216} -> PackageSetting{4a8087f vn.training.bai06/10199} BLOCKED
10-04 12:11:30.912   546   616 I ActivityManager: Force stopping vn.training.bai06 appid=10199 user=0: pkg removed
10-04 12:11:30.934   546   672 W PackageConfigPersister: App-specific configuration not found for packageName: vn.training.bai06 and userId: 0
10-04 12:11:30.938   546   750 I SdkSandboxManager: No SDKs used. Skipping SDK data reconcilation for CallingInfo{mUid=10199, mPackageName='vn.training.bai06, mAppProcessToken='null'}
10-04 12:11:30.942   970   970 D CarrierSvcBindHelper: onPackageUpdateFinished: vn.training.bai06
10-04 12:11:30.942   970   970 D CarrierSvcBindHelper: onPackageModified: vn.training.bai06
10-04 12:11:30.946   970  1263 D ImsResolver: maybeAddedImsService, packageName: vn.training.bai06
10-04 12:11:30.961   546   546 I Telecom : CarModeTracker: Package vn.training.bai06 is not tracked.: SSH.oR@ALw
10-04 12:11:30.962   546   750 I SdkSandboxManager: No SDKs used. Skipping SDK data reconcilation for CallingInfo{mUid=10199, mPackageName='vn.training.bai06, mAppProcessToken='null'}
10-04 12:11:31.022   546   546 W AlarmManager: Package vn.training.bai06, uid 10199 lost permission to set exact alarms!
10-04 12:11:31.026  1384  1384 I SafetyLabelChangedBroadcastReceiver: received broadcast packageName: vn.training.bai06, current user: UserHandle{0}, packageChangeEvent: UPDATE, intent user: UserHandle{0}
10-04 12:11:31.036  1360  1360 I AiAiEcho: AppFetcherImpl onPackageChanged vn.training.bai06.
10-04 12:11:31.039  1360  9129 I AiAiEcho: AppIndexer Package:[vn.training.bai06] UserProfile:[0] Enabled:[true].
10-04 12:11:31.039  1360  9129 I AiAiEcho: AppFetcherImplV2 updateApps package:[vn.training.bai06], userId:[0], reason:[package is updated.].
10-04 12:11:31.072   546  3117 I ActivityTaskManager: START u0 {act=android.intent.action.MAIN cat=[android.intent.category.LAUNCHER] flg=0x10000000 cmp=vn.training.bai06/.MainActivity} with LAUNCH_MULTIPLE from uid 2000 (BAL_ALLOW_PERMISSION) result code=0
10-04 12:11:31.075   785   836 V WindowManagerShell: Transition requested: android.os.BinderProxy@d592e37 TransitionRequestInfo { type = OPEN, triggerTask = TaskInfo{userId=0 taskId=2708 displayId=0 isRunning=true baseIntent=Intent { act=android.intent.action.MAIN cat=[android.intent.category.LAUNCHER] flg=0x10000000 cmp=vn.training.bai06/.MainActivity } baseActivity=ComponentInfo{vn.training.bai06/vn.training.bai06.MainActivity} topActivity=ComponentInfo{vn.training.bai06/vn.training.bai06.MainActivity} origActivity=null realActivity=ComponentInfo{vn.training.bai06/vn.training.bai06.MainActivity} numActivities=1 lastActiveTime=1873070 supportsMultiWindow=true resizeMode=1 isResizeable=true minWidth=-1 minHeight=-1 defaultMinSize=220 token=WCT{android.window.IWindowContainerToken$Stub$Proxy@979fa4} topActivityType=1 pictureInPictureParams=null shouldDockBigOverlays=false launchIntoPipHostTaskId=-1 lastParentTaskIdBeforePip=-1 displayCutoutSafeInsets=null topActivityInfo=ActivityInfo{b210d vn.training.bai06.MainActivity} launchCookies=[] positionInParent=Point(0, 0) parentTaskId=-1 isFocused=false isVisible=false isVisibleRequested=false isSleeping=false topActivityInSizeCompat=false topActivityEligibleForLetterboxEducation= false topActivityLetterboxed= false isFromDoubleTap= false topActivityLetterboxVerticalPosition= -1 topActivityLetterboxHorizontalPosition= -1 topActivityLetterboxWidth=-1 topActivityLetterboxHeight=-1 locusId=null displayAreaFeatureId=1 cameraCompatControlState=hidden}, remoteTransition = null, displayChange = null }
10-04 12:11:31.107   546  1568 D CoreBackPreview: Window{ae12fc2 u0 Splash Screen vn.training.bai06}: Setting back callback OnBackInvokedCallbackInfo{mCallback=android.window.IOnBackInvokedCallback$Stub$Proxy@db76110, mPriority=0, mIsAnimationCallback=false}
10-04 12:11:31.109   546   586 I ActivityManager: Start proc 9134:vn.training.bai06/u0a199 for next-top-activity {vn.training.bai06/vn.training.bai06.MainActivity}
10-04 12:11:31.198   546   573 V WindowManager: Sent Transition #54 createdAt=10-04 12:11:31.051 via request=TransitionRequestInfo { type = OPEN, triggerTask = TaskInfo{userId=0 taskId=2708 displayId=0 isRunning=true baseIntent=Intent { act=android.intent.action.MAIN cat=[android.intent.category.LAUNCHER] flg=0x10000000 cmp=vn.training.bai06/.MainActivity } baseActivity=ComponentInfo{vn.training.bai06/vn.training.bai06.MainActivity} topActivity=ComponentInfo{vn.training.bai06/vn.training.bai06.MainActivity} origActivity=null realActivity=ComponentInfo{vn.training.bai06/vn.training.bai06.MainActivity} numActivities=1 lastActiveTime=1873070 supportsMultiWindow=true resizeMode=1 isResizeable=true minWidth=-1 minHeight=-1 defaultMinSize=220 token=WCT{RemoteToken{b6148e6 Task{4f8425b #2708 type=standard A=10199:vn.training.bai06}}} topActivityType=1 pictureInPictureParams=null shouldDockBigOverlays=false launchIntoPipHostTaskId=-1 lastParentTaskIdBeforePip=-1 displayCutoutSafeInsets=null topActivityInfo=ActivityInfo{4864e27 vn.training.bai06.MainActivity} launchCookies=[] positionInParent=Point(0, 0) parentTaskId=-1 isFocused=false isVisible=false isVisibleRequested=false isSleeping=false topActivityInSizeCompat=false topActivityEligibleForLetterboxEducation= false topActivityLetterboxed= false isFromDoubleTap= false topActivityLetterboxVerticalPosition= -1 topActivityLetterboxHorizontalPosition= -1 topActivityLetterboxWidth=-1 topActivityLetterboxHeight=-1 locusId=null displayAreaFeatureId=1 cameraCompatControlState=hidden}, remoteTransition = null, displayChange = null }
10-04 12:11:31.198   546   573 V WindowManager:     info={id=54 t=OPEN f=0x0 trk=0 r=[0@Point(0, 0)] c=[{WCT{RemoteToken{b6148e6 Task{4f8425b #2708 type=standard A=10199:vn.training.bai06}}} m=OPEN f=NONE leash=Surface(name=Task=2708)/@0xf197e3c sb=Rect(0, 0 - 780, 1710) eb=Rect(0, 0 - 780, 1710) d=0},{WCT{RemoteToken{9d5ec63 Task{2116b30 #2707 type=standard A=10200:vn.training.bai07}}} m=TO_BACK f=NONE leash=Surface(name=Task=2707)/@0xc64eee1 sb=Rect(0, 0 - 780, 1710) eb=Rect(0, 0 - 780, 1710) d=0}]}
10-04 12:11:31.355  9134  9134 W ziparchive: Unable to open '/data/app/~~ZLQ1SDcQTH7N_EDfOeXhAg==/vn.training.bai06-2CjvNePKjuMRwvsj5PZCcg==/base.dm': No such file or directory
10-04 12:11:31.355  9134  9134 W ziparchive: Unable to open '/data/app/~~ZLQ1SDcQTH7N_EDfOeXhAg==/vn.training.bai06-2CjvNePKjuMRwvsj5PZCcg==/base.dm': No such file or directory
10-04 12:11:31.391  9134  9134 D nativeloader: Configuring clns-6 for other apk /data/app/~~ZLQ1SDcQTH7N_EDfOeXhAg==/vn.training.bai06-2CjvNePKjuMRwvsj5PZCcg==/base.apk. target_sdk_version=36, uses_libraries=, library_path=/data/app/~~ZLQ1SDcQTH7N_EDfOeXhAg==/vn.training.bai06-2CjvNePKjuMRwvsj5PZCcg==/lib/x86_64, permitted_path=/data:/mnt/expand:/data/user/0/vn.training.bai06
10-04 12:11:31.407  9134  9134 V GraphicsEnvironment: ANGLE GameManagerService for vn.training.bai06: false
10-04 12:11:31.407  9134  9134 V GraphicsEnvironment: vn.training.bai06 is not listed in per-application setting
10-04 12:11:31.538  1496  9172 I ProximityAuth: [RecentAppsMediator] Package added: (user=UserHandle{0}) vn.training.bai06
10-04 12:11:31.608  1422  9175 W SQLiteLog: (28) double-quoted string literal: "vn.training.bai06"
10-04 12:11:31.819   546  1564 D ConnectivityService: requestNetwork for uid/pid:10199/9134 activeRequest: null callbackRequest: 167 [NetworkRequest [ REQUEST id=168, [ Capabilities: INTERNET&NOT_RESTRICTED&TRUSTED&NOT_VCN_MANAGED Uid: 10199 RequestorUid: 10199 RequestorPkg: vn.training.bai06 UnderlyingNetworks: Null] ]] callback flags: 0 order: 2147483647
10-04 12:11:31.819  9134  9134 I BroadcastDemo: registered
10-04 12:11:31.821   546   695 D WifiNetworkFactory: got request NetworkRequest [ REQUEST id=168, [ Capabilities: INTERNET&NOT_RESTRICTED&TRUSTED&NOT_VCN_MANAGED Uid: 10199 RequestorUid: 10199 RequestorPkg: vn.training.bai06 UnderlyingNetworks: Null] ]
10-04 12:11:31.821   546   695 D UntrustedWifiNetworkFactory: got request NetworkRequest [ REQUEST id=168, [ Capabilities: INTERNET&NOT_RESTRICTED&TRUSTED&NOT_VCN_MANAGED Uid: 10199 RequestorUid: 10199 RequestorPkg: vn.training.bai06 UnderlyingNetworks: Null] ]
10-04 12:11:31.821   546   695 D OemPaidWifiNetworkFactory: got request NetworkRequest [ REQUEST id=168, [ Capabilities: INTERNET&NOT_RESTRICTED&TRUSTED&NOT_VCN_MANAGED Uid: 10199 RequestorUid: 10199 RequestorPkg: vn.training.bai06 UnderlyingNetworks: Null] ]
10-04 12:11:31.821   546   695 D MultiInternetWifiNetworkFactory: got request NetworkRequest [ REQUEST id=168, [ Capabilities: INTERNET&NOT_RESTRICTED&TRUSTED&NOT_VCN_MANAGED Uid: 10199 RequestorUid: 10199 RequestorPkg: vn.training.bai06 UnderlyingNetworks: Null] ]
10-04 12:11:31.835   546  1564 D CoreBackPreview: Window{87fa3 u0 vn.training.bai06/vn.training.bai06.MainActivity}: Setting back callback OnBackInvokedCallbackInfo{mCallback=android.window.IOnBackInvokedCallback$Stub$Proxy@d591a1e, mPriority=0, mIsAnimationCallback=false}
10-04 12:11:32.234  9134  9134 I BroadcastDemo: system android.intent.action.BATTERY_CHANGED
10-04 12:11:32.234   546   573 W ziparchive: Unable to open '/data/app/~~ZLQ1SDcQTH7N_EDfOeXhAg==/vn.training.bai06-2CjvNePKjuMRwvsj5PZCcg==/base.dm': No such file or directory
10-04 12:11:32.236   546   573 I ActivityTaskManager: Displayed vn.training.bai06/.MainActivity for user 0: +1s185ms
10-04 12:11:32.254   546  1564 W InputManager-JNI: Input channel object 'ae12fc2 Splash Screen vn.training.bai06 (client)' was disposed without first being removed with the input manager!
10-04 12:11:32.266   546  5199 D CoreBackPreview: Window{ae12fc2 u0 Splash Screen vn.training.bai06 EXITING}: Setting back callback null
10-04 12:11:32.286   546  5199 I ImeTracker: vn.training.bai06:beeadee0: onRequestHide at ORIGIN_SERVER_HIDE_INPUT reason HIDE_UNSPECIFIED_WINDOW
10-04 12:11:32.287   546  5199 I ImeTracker: vn.training.bai06:beeadee0: onCancelled at PHASE_SERVER_SHOULD_HIDE
10-04 12:11:32.297  1313  1313 I GoogleInputMethodService: GoogleInputMethodService.onStartInput():1532 onStartInput(EditorInfo{EditorInfo{packageName=vn.training.bai06, inputType=0, inputTypeString=NULL, enableLearning=false, autoCorrection=false, autoComplete=false, imeOptions=0, privateImeOptions=null, actionName=UNSPECIFIED, actionLabel=null, initialSelStart=-1, initialSelEnd=-1, initialCapsMode=0, label=null, fieldId=0, fieldName=null, extras=null, hintText=null, hintLocales=[]}}, false)
10-04 12:11:32.321   546  2158 W PackageConfigPersister: App-specific configuration not found for packageName: vn.training.bai06 and userId: 0
10-04 12:11:36.866  9134  9255 D ProfileInstaller: Installing profile for vn.training.bai06
10-04 12:11:38.836  9134  9134 I BroadcastDemo: custom count=1
10-04 12:11:40.953   546   573 V WindowManager:     info={id=55 t=OPEN f=0x0 trk=0 r=[0@Point(0, 0)] c=[{WCT{RemoteToken{e6c178a Task{24ec64c #1 type=home}}} m=TO_FRONT f=SHOW_WALLPAPER|MOVE_TO_TOP leash=Surface(name=Task=1)/@0x1d9325 sb=Rect(0, 0 - 780, 1710) eb=Rect(0, 0 - 780, 1710) d=0},{WCT{RemoteToken{b6148e6 Task{4f8425b #2708 type=standard A=10199:vn.training.bai06}}} m=TO_BACK f=NONE leash=Surface(name=Task=2708)/@0xf197e3c sb=Rect(0, 0 - 780, 1710) eb=Rect(0, 0 - 780, 1710) d=0},{null m=TO_FRONT f=IS_WALLPAPER leash=Surface(name=WallpaperWindowToken{31f447c token=android.os.Binder@1477f6f})/@0xb83dc8f sb=Rect(0, 0 - 780, 1710) eb=Rect(0, 0 - 780, 1710) d=0}]}
10-04 12:11:40.970   546   629 I ActivityTaskManager: START u0 {act=android.intent.action.MAIN cat=[android.intent.category.LAUNCHER] flg=0x10200000 cmp=vn.training.bai06/.MainActivity} with LAUNCH_MULTIPLE from uid 2000 (BAL_ALLOW_PERMISSION) result code=2
10-04 12:11:40.987   785   836 V WindowManagerShell: Transition requested: android.os.BinderProxy@bb14588 TransitionRequestInfo { type = OPEN, triggerTask = TaskInfo{userId=0 taskId=2708 displayId=0 isRunning=true baseIntent=Intent { act=android.intent.action.MAIN cat=[android.intent.category.LAUNCHER] flg=0x10000000 cmp=vn.training.bai06/.MainActivity } baseActivity=ComponentInfo{vn.training.bai06/vn.training.bai06.MainActivity} topActivity=ComponentInfo{vn.training.bai06/vn.training.bai06.MainActivity} origActivity=null realActivity=ComponentInfo{vn.training.bai06/vn.training.bai06.MainActivity} numActivities=1 lastActiveTime=1882805 supportsMultiWindow=true resizeMode=1 isResizeable=true minWidth=-1 minHeight=-1 defaultMinSize=220 token=WCT{android.window.IWindowContainerToken$Stub$Proxy@cda3b21} topActivityType=1 pictureInPictureParams=null shouldDockBigOverlays=false launchIntoPipHostTaskId=-1 lastParentTaskIdBeforePip=-1 displayCutoutSafeInsets=null topActivityInfo=ActivityInfo{3756b46 vn.training.bai06.MainActivity} launchCookies=[] positionInParent=Point(0, 0) parentTaskId=-1 isFocused=true isVisible=true isVisibleRequested=false isSleeping=false topActivityInSizeCompat=false topActivityEligibleForLetterboxEducation= false topActivityLetterboxed= false isFromDoubleTap= false topActivityLetterboxVerticalPosition= -1 topActivityLetterboxHorizontalPosition= -1 topActivityLetterboxWidth=-1 topActivityLetterboxHeight=-1 locusId=null displayAreaFeatureId=1 cameraCompatControlState=hidden}, remoteTransition = null, displayChange = null }
10-04 12:11:41.014   546   573 V WindowManager: Sent Transition #56 createdAt=10-04 12:11:40.962 via request=TransitionRequestInfo { type = OPEN, triggerTask = TaskInfo{userId=0 taskId=2708 displayId=0 isRunning=true baseIntent=Intent { act=android.intent.action.MAIN cat=[android.intent.category.LAUNCHER] flg=0x10000000 cmp=vn.training.bai06/.MainActivity } baseActivity=ComponentInfo{vn.training.bai06/vn.training.bai06.MainActivity} topActivity=ComponentInfo{vn.training.bai06/vn.training.bai06.MainActivity} origActivity=null realActivity=ComponentInfo{vn.training.bai06/vn.training.bai06.MainActivity} numActivities=1 lastActiveTime=1882805 supportsMultiWindow=true resizeMode=1 isResizeable=true minWidth=-1 minHeight=-1 defaultMinSize=220 token=WCT{RemoteToken{b6148e6 Task{4f8425b #2708 type=standard A=10199:vn.training.bai06}}} topActivityType=1 pictureInPictureParams=null shouldDockBigOverlays=false launchIntoPipHostTaskId=-1 lastParentTaskIdBeforePip=-1 displayCutoutSafeInsets=null topActivityInfo=ActivityInfo{4864e27 vn.training.bai06.MainActivity} launchCookies=[] positionInParent=Point(0, 0) parentTaskId=-1 isFocused=true isVisible=true isVisibleRequested=false isSleeping=false topActivityInSizeCompat=false topActivityEligibleForLetterboxEducation= false topActivityLetterboxed= false isFromDoubleTap= false topActivityLetterboxVerticalPosition= -1 topActivityLetterboxHorizontalPosition= -1 topActivityLetterboxWidth=-1 topActivityLetterboxHeight=-1 locusId=null displayAreaFeatureId=1 cameraCompatControlState=hidden}, remoteTransition = null, displayChange = null }
10-04 12:11:41.023   546   573 V WindowManager:     info={id=56 t=OPEN f=0x0 trk=0 r=[0@Point(0, 0)] c=[{WCT{RemoteToken{b6148e6 Task{4f8425b #2708 type=standard A=10199:vn.training.bai06}}} m=TO_FRONT f=MOVE_TO_TOP leash=Surface(name=Task=2708)/@0xf197e3c sb=Rect(0, 0 - 780, 1710) eb=Rect(0, 0 - 780, 1710) d=0},{WCT{RemoteToken{e6c178a Task{24ec64c #1 type=home}}} m=TO_BACK f=SHOW_WALLPAPER leash=Surface(name=Task=1)/@0x1d9325 sb=Rect(0, 0 - 780, 1710) eb=Rect(0, 0 - 780, 1710) d=0}]}
10-04 12:11:41.059   785   836 D WindowManagerShell: onActivityRestartAttempt: ComponentInfo{vn.training.bai06/vn.training.bai06.MainActivity}
10-04 12:11:41.183   546  1295 I ImeTracker: vn.training.bai06:3c1c3225: onRequestHide at ORIGIN_SERVER_HIDE_INPUT reason HIDE_SAME_WINDOW_FOCUSED_WITHOUT_EDITOR
10-04 12:11:41.184   546  1295 I ImeTracker: vn.training.bai06:3c1c3225: onCancelled at PHASE_SERVER_SHOULD_HIDE
10-04 12:11:41.190  1313  1313 I GoogleInputMethodService: GoogleInputMethodService.onStartInput():1532 onStartInput(EditorInfo{EditorInfo{packageName=vn.training.bai06, inputType=0, inputTypeString=NULL, enableLearning=false, autoCorrection=false, autoComplete=false, imeOptions=0, privateImeOptions=null, actionName=UNSPECIFIED, actionLabel=null, initialSelStart=-1, initialSelEnd=-1, initialCapsMode=0, label=null, fieldId=0, fieldName=null, extras=null, hintText=null, hintLocales=[]}}, false)
10-04 12:11:41.196   546  2158 W PackageConfigPersister: App-specific configuration not found for packageName: vn.training.bai06 and userId: 0
10-04 12:11:43.055  9134  9134 I BroadcastDemo: custom count=2