10-04 11:49:10.361   546   616 V BackupManagerService: [UserID:0] restoreAtInstall pkg=vn.training.bai02 token=2 restoreSet=0
10-04 11:49:10.362   546   616 I AppsFilter: interaction: PackageSetting{f33dadb com.fintrack.app/10208} -> PackageSetting{804cf1a vn.training.bai02/10192} BLOCKED
10-04 11:49:10.362   546   616 I AppsFilter: interaction: PackageSetting{65e9851 com.shoestore.app/10195} -> PackageSetting{804cf1a vn.training.bai02/10192} BLOCKED
10-04 11:49:10.362   546   616 I AppsFilter: interaction: PackageSetting{855b8b6 com.example.realtimechat/10197} -> PackageSetting{804cf1a vn.training.bai02/10192} BLOCKED
10-04 11:49:10.362   546   616 I AppsFilter: interaction: PackageSetting{d8b49b7 com.haitranduc203.offlinefirstmovie.test/10217} -> PackageSetting{804cf1a vn.training.bai02/10192} BLOCKED
10-04 11:49:10.362   546   616 I AppsFilter: interaction: PackageSetting{9424a4b vn.training.bai01/10190} -> PackageSetting{804cf1a vn.training.bai02/10192} BLOCKED
10-04 11:49:10.363   546   616 I AppsFilter: interaction: PackageSetting{f4e5524 com.example.androidtrainingexample/10201} -> PackageSetting{804cf1a vn.training.bai02/10192} BLOCKED
10-04 11:49:10.363   546   616 I AppsFilter: interaction: PackageSetting{23688d com.example.smsshield/10218} -> PackageSetting{804cf1a vn.training.bai02/10192} BLOCKED
10-04 11:49:10.363   546   616 I AppsFilter: interaction: PackageSetting{2fcaa42 com.haitranduc203.offlinefirstmovie/10216} -> PackageSetting{804cf1a vn.training.bai02/10192} BLOCKED
10-04 11:49:10.395   970   970 D CarrierSvcBindHelper: onPackageAdded: vn.training.bai02
10-04 11:49:10.407   970  1263 D ImsResolver: maybeAddedImsService, packageName: vn.training.bai02
10-04 11:49:10.417   785   836 V WindowManagerShell: Transition requested: android.os.BinderProxy@c5802ce TransitionRequestInfo { type = OPEN, triggerTask = TaskInfo{userId=0 taskId=2693 displayId=0 isRunning=true baseIntent=Intent { act=android.intent.action.MAIN cat=[android.intent.category.LAUNCHER] flg=0x10000000 cmp=vn.training.bai02/.MainActivity } baseActivity=ComponentInfo{vn.training.bai02/vn.training.bai02.MainActivity} topActivity=ComponentInfo{vn.training.bai02/vn.training.bai02.MainActivity} origActivity=null realActivity=ComponentInfo{vn.training.bai02/vn.training.bai02.MainActivity} numActivities=1 lastActiveTime=532417 supportsMultiWindow=true resizeMode=1 isResizeable=true minWidth=-1 minHeight=-1 defaultMinSize=220 token=WCT{android.window.IWindowContainerToken$Stub$Proxy@ba825ef} topActivityType=1 pictureInPictureParams=null shouldDockBigOverlays=false launchIntoPipHostTaskId=-1 lastParentTaskIdBeforePip=-1 displayCutoutSafeInsets=null topActivityInfo=ActivityInfo{80128fc vn.training.bai02.MainActivity} launchCookies=[] positionInParent=Point(0, 0) parentTaskId=-1 isFocused=false isVisible=false isVisibleRequested=false isSleeping=false topActivityInSizeCompat=false topActivityEligibleForLetterboxEducation= false topActivityLetterboxed= false isFromDoubleTap= false topActivityLetterboxVerticalPosition= -1 topActivityLetterboxHorizontalPosition= -1 topActivityLetterboxWidth=-1 topActivityLetterboxHeight=-1 locusId=null displayAreaFeatureId=1 cameraCompatControlState=hidden}, remoteTransition = null, displayChange = null }
10-04 11:49:10.418   546  4731 I ActivityTaskManager: START u0 {act=android.intent.action.MAIN cat=[android.intent.category.LAUNCHER] flg=0x10000000 cmp=vn.training.bai02/.MainActivity} with LAUNCH_MULTIPLE from uid 2000 (BAL_ALLOW_PERMISSION) result code=0
10-04 11:49:10.422   546   750 I SdkSandboxManager: No SDKs used. Skipping SDK data reconcilation for CallingInfo{mUid=10192, mPackageName='vn.training.bai02, mAppProcessToken='null'}
10-04 11:49:10.446   546   630 D CoreBackPreview: Window{2919ef3 u0 Splash Screen vn.training.bai02}: Setting back callback OnBackInvokedCallbackInfo{mCallback=android.window.IOnBackInvokedCallback$Stub$Proxy@7910b40, mPriority=0, mIsAnimationCallback=false}
10-04 11:49:10.480  1384  1384 I SafetyLabelChangedBroadcastReceiver: received broadcast packageName: vn.training.bai02, current user: UserHandle{0}, packageChangeEvent: NEW_INSTALL, intent user: UserHandle{0}
10-04 11:49:10.484   546   586 I ActivityManager: Start proc 4901:vn.training.bai02/u0a192 for next-top-activity {vn.training.bai02/vn.training.bai02.MainActivity}
10-04 11:49:10.514   546   546 I AppsFilter: interaction: PackageSetting{a9493e8 com.fintrack.app/10208} -> PackageSetting{3c3da01 vn.training.bai02/10192} BLOCKED
10-04 11:49:10.514   546   546 I AppsFilter: interaction: PackageSetting{49650a6 com.shoestore.app/10195} -> PackageSetting{3c3da01 vn.training.bai02/10192} BLOCKED
10-04 11:49:10.516   546   546 I AppsFilter: interaction: PackageSetting{6f71ae7 com.example.realtimechat/10197} -> PackageSetting{3c3da01 vn.training.bai02/10192} BLOCKED
10-04 11:49:10.516   546   546 I AppsFilter: interaction: PackageSetting{993153d com.haitranduc203.offlinefirstmovie.test/10217} -> PackageSetting{3c3da01 vn.training.bai02/10192} BLOCKED
10-04 11:49:10.516   546   546 I AppsFilter: interaction: PackageSetting{e46d132 vn.training.bai01/10190} -> PackageSetting{3c3da01 vn.training.bai02/10192} BLOCKED
10-04 11:49:10.516   546   546 I AppsFilter: interaction: PackageSetting{6907e83 com.example.androidtrainingexample/10201} -> PackageSetting{3c3da01 vn.training.bai02/10192} BLOCKED
10-04 11:49:10.516   546   546 I AppsFilter: interaction: PackageSetting{e63f800 com.example.smsshield/10218} -> PackageSetting{3c3da01 vn.training.bai02/10192} BLOCKED
10-04 11:49:10.516   546   546 I AppsFilter: interaction: PackageSetting{620c839 com.haitranduc203.offlinefirstmovie/10216} -> PackageSetting{3c3da01 vn.training.bai02/10192} BLOCKED
10-04 11:49:10.552   546   573 V WindowManager: Sent Transition #12 createdAt=10-04 11:49:10.407 via request=TransitionRequestInfo { type = OPEN, triggerTask = TaskInfo{userId=0 taskId=2693 displayId=0 isRunning=true baseIntent=Intent { act=android.intent.action.MAIN cat=[android.intent.category.LAUNCHER] flg=0x10000000 cmp=vn.training.bai02/.MainActivity } baseActivity=ComponentInfo{vn.training.bai02/vn.training.bai02.MainActivity} topActivity=ComponentInfo{vn.training.bai02/vn.training.bai02.MainActivity} origActivity=null realActivity=ComponentInfo{vn.training.bai02/vn.training.bai02.MainActivity} numActivities=1 lastActiveTime=532417 supportsMultiWindow=true resizeMode=1 isResizeable=true minWidth=-1 minHeight=-1 defaultMinSize=220 token=WCT{RemoteToken{96a2f56 Task{8dc89d6 #2693 type=standard A=10192:vn.training.bai02}}} topActivityType=1 pictureInPictureParams=null shouldDockBigOverlays=false launchIntoPipHostTaskId=-1 lastParentTaskIdBeforePip=-1 displayCutoutSafeInsets=null topActivityInfo=ActivityInfo{f268bd7 vn.training.bai02.MainActivity} launchCookies=[] positionInParent=Point(0, 0) parentTaskId=-1 isFocused=false isVisible=false isVisibleRequested=false isSleeping=false topActivityInSizeCompat=false topActivityEligibleForLetterboxEducation= false topActivityLetterboxed= false isFromDoubleTap= false topActivityLetterboxVerticalPosition= -1 topActivityLetterboxHorizontalPosition= -1 topActivityLetterboxWidth=-1 topActivityLetterboxHeight=-1 locusId=null displayAreaFeatureId=1 cameraCompatControlState=hidden}, remoteTransition = null, displayChange = null }
10-04 11:49:10.553   546   573 V WindowManager:     info={id=12 t=OPEN f=0x0 trk=0 r=[0@Point(0, 0)] c=[{WCT{RemoteToken{96a2f56 Task{8dc89d6 #2693 type=standard A=10192:vn.training.bai02}}} m=OPEN f=NONE leash=Surface(name=Task=2693)/@0xaa3548a sb=Rect(0, 0 - 780, 1710) eb=Rect(0, 0 - 780, 1710) d=0},{WCT{RemoteToken{6c59956 Task{d933664 #2692 type=standard A=10190:vn.training.bai01}}} m=TO_BACK f=NONE leash=Surface(name=Task=2692)/@0x437a118 sb=Rect(0, 0 - 780, 1710) eb=Rect(0, 0 - 780, 1710) d=0}]}
10-04 11:49:10.563   970   970 D CarrierSvcBindHelper: onPackageModified: vn.training.bai02
10-04 11:49:10.641   970  1263 D ImsResolver: maybeAddedImsService, packageName: vn.training.bai02
10-04 11:49:10.704  4901  4901 W ziparchive: Unable to open '/data/app/~~3VRYb44RqwL_BzLzVaF03w==/vn.training.bai02-jcnG1LOtSXhU32cS6KWlBQ==/base.dm': No such file or directory
10-04 11:49:10.704  4901  4901 W ziparchive: Unable to open '/data/app/~~3VRYb44RqwL_BzLzVaF03w==/vn.training.bai02-jcnG1LOtSXhU32cS6KWlBQ==/base.dm': No such file or directory
10-04 11:49:10.711  1360  1360 I AiAiEcho: AppFetcherImplV2 updateApps package:[vn.training.bai02], userId:[0], reason:[package is added.].
10-04 11:49:10.737  4901  4901 D nativeloader: Configuring clns-6 for other apk /data/app/~~3VRYb44RqwL_BzLzVaF03w==/vn.training.bai02-jcnG1LOtSXhU32cS6KWlBQ==/base.apk. target_sdk_version=36, uses_libraries=, library_path=/data/app/~~3VRYb44RqwL_BzLzVaF03w==/vn.training.bai02-jcnG1LOtSXhU32cS6KWlBQ==/lib/x86_64, permitted_path=/data:/mnt/expand:/data/user/0/vn.training.bai02
10-04 11:49:10.758  4901  4901 V GraphicsEnvironment: ANGLE GameManagerService for vn.training.bai02: false
10-04 11:49:10.759  4901  4901 V GraphicsEnvironment: vn.training.bai02 is not listed in per-application setting
10-04 11:49:10.846  1360  1360 I AiAiEcho: AppFetcherImpl onPackageChanged vn.training.bai02.
10-04 11:49:10.847  1360  4566 I AiAiEcho: AppIndexer Package:[vn.training.bai02] UserProfile:[0] Enabled:[true].
10-04 11:49:10.847  1360  4566 I AiAiEcho: AppFetcherImplV2 updateApps package:[vn.training.bai02], userId:[0], reason:[package is updated.].
10-04 11:49:10.963   546  2808 W PackageConfigPersister: App-specific configuration not found for packageName: vn.training.bai02 and userId: 0
10-04 11:49:11.001  1496  4936 I ProximityAuth: [RecentAppsMediator] Package added: (user=UserHandle{0}) vn.training.bai02
10-04 11:49:11.201   546  3086 D CoreBackPreview: Window{7945a27 u0 vn.training.bai02/vn.training.bai02.MainActivity}: Setting back callback OnBackInvokedCallbackInfo{mCallback=android.window.IOnBackInvokedCallback$Stub$Proxy@a278972, mPriority=0, mIsAnimationCallback=false}
10-04 11:49:11.593   546   573 W ziparchive: Unable to open '/data/app/~~3VRYb44RqwL_BzLzVaF03w==/vn.training.bai02-jcnG1LOtSXhU32cS6KWlBQ==/base.dm': No such file or directory
10-04 11:49:11.594   546   573 I ActivityTaskManager: Displayed vn.training.bai02/.MainActivity for user 0: +1s192ms
10-04 11:49:11.630   546  3086 I ImeTracker: vn.training.bai02:3d65d539: onRequestHide at ORIGIN_SERVER_HIDE_INPUT reason HIDE_UNSPECIFIED_WINDOW
10-04 11:49:11.631   546  3086 I ImeTracker: vn.training.bai02:3d65d539: onCancelled at PHASE_SERVER_SHOULD_HIDE
10-04 11:49:11.646   546  3086 W InputManager-JNI: Input channel object '2919ef3 Splash Screen vn.training.bai02 (client)' was disposed without first being removed with the input manager!
10-04 11:49:11.658   546   630 D CoreBackPreview: Window{2919ef3 u0 Splash Screen vn.training.bai02 EXITING}: Setting back callback null
10-04 11:49:11.667  1313  1313 I GoogleInputMethodService: GoogleInputMethodService.onStartInput():1532 onStartInput(EditorInfo{EditorInfo{packageName=vn.training.bai02, inputType=0, inputTypeString=NULL, enableLearning=false, autoCorrection=false, autoComplete=false, imeOptions=0, privateImeOptions=null, actionName=UNSPECIFIED, actionLabel=null, initialSelStart=-1, initialSelEnd=-1, initialCapsMode=0, label=null, fieldId=0, fieldName=null, extras=null, hintText=null, hintLocales=[]}}, false)
10-04 11:49:11.673   546  3086 W PackageConfigPersister: App-specific configuration not found for packageName: vn.training.bai02 and userId: 0
10-04 11:49:11.966   546   616 I AppsFilter: interaction: PackageSetting{a9493e8 com.fintrack.app/10208} -> PackageSetting{cd457ce vn.training.bai02/10192} BLOCKED
10-04 11:49:11.966   546   616 I AppsFilter: interaction: PackageSetting{49650a6 com.shoestore.app/10195} -> PackageSetting{cd457ce vn.training.bai02/10192} BLOCKED
10-04 11:49:11.966   546   616 I AppsFilter: interaction: PackageSetting{6f71ae7 com.example.realtimechat/10197} -> PackageSetting{cd457ce vn.training.bai02/10192} BLOCKED
10-04 11:49:11.966   546   616 I AppsFilter: interaction: PackageSetting{993153d com.haitranduc203.offlinefirstmovie.test/10217} -> PackageSetting{cd457ce vn.training.bai02/10192} BLOCKED
10-04 11:49:11.966   546   616 I AppsFilter: interaction: PackageSetting{e46d132 vn.training.bai01/10190} -> PackageSetting{cd457ce vn.training.bai02/10192} BLOCKED
10-04 11:49:11.966   546   616 I AppsFilter: interaction: PackageSetting{6907e83 com.example.androidtrainingexample/10201} -> PackageSetting{cd457ce vn.training.bai02/10192} BLOCKED
10-04 11:49:11.966   546   616 I AppsFilter: interaction: PackageSetting{e63f800 com.example.smsshield/10218} -> PackageSetting{cd457ce vn.training.bai02/10192} BLOCKED
10-04 11:49:11.966   546   616 I AppsFilter: interaction: PackageSetting{620c839 com.haitranduc203.offlinefirstmovie/10216} -> PackageSetting{cd457ce vn.training.bai02/10192} BLOCKED
10-04 11:49:11.975   970   970 D CarrierSvcBindHelper: onPackageModified: vn.training.bai02
10-04 11:49:11.986  1360  1360 I AiAiEcho: AppFetcherImpl onPackageChanged vn.training.bai02.
10-04 11:49:11.986  1360  4563 I AiAiEcho: AppIndexer Package:[vn.training.bai02] UserProfile:[0] Enabled:[true].
10-04 11:49:11.986  1360  4563 I AiAiEcho: AppFetcherImplV2 updateApps package:[vn.training.bai02], userId:[0], reason:[package is updated.].
10-04 11:49:11.987   970  1263 D ImsResolver: maybeAddedImsService, packageName: vn.training.bai02
10-04 11:49:16.602  4901  5006 D ProfileInstaller: Installing profile for vn.training.bai02
10-04 11:49:17.480   546   766 W PackageConfigPersister: App-specific configuration not found for packageName: vn.training.bai02 and userId: 0
10-04 11:49:17.593   546   766 D CoreBackPreview: Window{7945a27 u0 vn.training.bai02/vn.training.bai02.MainActivity}: Setting back callback null
10-04 11:49:17.597   546   766 W InputManager-JNI: Input channel object '7945a27 vn.training.bai02/vn.training.bai02.MainActivity (client)' was disposed without first being removed with the input manager!
10-04 11:49:17.662   546  3133 D CoreBackPreview: Window{c5fc3ba u0 vn.training.bai02/vn.training.bai02.MainActivity}: Setting back callback OnBackInvokedCallbackInfo{mCallback=android.window.IOnBackInvokedCallback$Stub$Proxy@29541c8, mPriority=0, mIsAnimationCallback=false}
10-04 11:49:17.689   546  2365 I WindowManager: finishDrawing of relaunch: Window{c5fc3ba u0 vn.training.bai02/vn.training.bai02.MainActivity} 208ms
10-04 11:49:17.714   546  3133 I ImeTracker: vn.training.bai02:fadd4a24: onRequestHide at ORIGIN_SERVER_HIDE_INPUT reason HIDE_UNSPECIFIED_WINDOW
10-04 11:49:17.714   546  3133 I ImeTracker: vn.training.bai02:fadd4a24: onCancelled at PHASE_SERVER_SHOULD_HIDE
10-04 11:49:17.716  1313  1313 I GoogleInputMethodService: GoogleInputMethodService.onStartInput():1532 onStartInput(EditorInfo{EditorInfo{packageName=vn.training.bai02, inputType=0, inputTypeString=NULL, enableLearning=false, autoCorrection=false, autoComplete=false, imeOptions=0, privateImeOptions=null, actionName=UNSPECIFIED, actionLabel=null, initialSelStart=-1, initialSelEnd=-1, initialCapsMode=0, label=null, fieldId=0, fieldName=null, extras=null, hintText=null, hintLocales=[]}}, false)
10-04 11:49:20.390   546   766 I ActivityManager: Force stopping vn.training.bai02 appid=10192 user=0: from pid 5043
10-04 11:49:20.391   546   766 I ActivityManager: Killing 4901:vn.training.bai02/u0a192 (adj 0): stop vn.training.bai02 due to from pid 5043
10-04 11:49:20.392   546   766 W ActivityTaskManager: Force removing ActivityRecord{da779f1 u0 vn.training.bai02/.MainActivity t2693 f}}: app died, no saved state
10-04 11:49:20.393   785   836 V WindowManagerShell: Transition requested: android.os.BinderProxy@5a291eb TransitionRequestInfo { type = CLOSE, triggerTask = TaskInfo{userId=0 taskId=2693 displayId=0 isRunning=false baseIntent=Intent { act=android.intent.action.MAIN cat=[android.intent.category.LAUNCHER] flg=0x10000000 cmp=vn.training.bai02/.MainActivity } baseActivity=null topActivity=null origActivity=null realActivity=ComponentInfo{vn.training.bai02/vn.training.bai02.MainActivity} numActivities=0 lastActiveTime=532622 supportsMultiWindow=true resizeMode=1 isResizeable=true minWidth=-1 minHeight=-1 defaultMinSize=220 token=WCT{android.window.IWindowContainerToken$Stub$Proxy@56feb48} topActivityType=1 pictureInPictureParams=null shouldDockBigOverlays=false launchIntoPipHostTaskId=-1 lastParentTaskIdBeforePip=-1 displayCutoutSafeInsets=null topActivityInfo=null launchCookies=[] positionInParent=Point(0, 0) parentTaskId=-1 isFocused=true isVisible=true isVisibleRequested=true isSleeping=false topActivityInSizeCompat=false topActivityEligibleForLetterboxEducation= false topActivityLetterboxed= false isFromDoubleTap= false topActivityLetterboxVerticalPosition= -1 topActivityLetterboxHorizontalPosition= -1 topActivityLetterboxWidth=-1 topActivityLetterboxHeight=-1 locusId=null displayAreaFeatureId=1 cameraCompatControlState=hidden}, remoteTransition = null, displayChange = null }
10-04 11:49:20.401   546   630 I ImeTracker: vn.training.bai02:280e5893: onRequestHide at ORIGIN_SERVER_HIDE_INPUT reason HIDE_REMOVE_CLIENT
10-04 11:49:20.401   546   630 I ImeTracker: vn.training.bai02:280e5893: onCancelled at PHASE_SERVER_SHOULD_HIDE
10-04 11:49:20.401   546  2808 I WindowManager: WIN DEATH: Window{c5fc3ba u0 vn.training.bai02/vn.training.bai02.MainActivity}
10-04 11:49:20.402   546  2808 W InputManager-JNI: Input channel object 'c5fc3ba vn.training.bai02/vn.training.bai02.MainActivity (client)' was disposed without first being removed with the input manager!
10-04 11:49:20.422   546   577 W WindowManager: Failed to deliver inset control state change to w=Window{c5fc3ba u0 vn.training.bai02/vn.training.bai02.MainActivity EXITING}
10-04 11:49:20.454   546   766 I AppsFilter: interaction: PackageSetting{a9493e8 com.fintrack.app/10208} -> PackageSetting{eb5fe09 vn.training.bai02/10192} BLOCKED
10-04 11:49:20.454   546   766 I AppsFilter: interaction: PackageSetting{49650a6 com.shoestore.app/10195} -> PackageSetting{eb5fe09 vn.training.bai02/10192} BLOCKED
10-04 11:49:20.454   546   766 I AppsFilter: interaction: PackageSetting{6f71ae7 com.example.realtimechat/10197} -> PackageSetting{eb5fe09 vn.training.bai02/10192} BLOCKED
10-04 11:49:20.454   546   766 I AppsFilter: interaction: PackageSetting{993153d com.haitranduc203.offlinefirstmovie.test/10217} -> PackageSetting{eb5fe09 vn.training.bai02/10192} BLOCKED
10-04 11:49:20.454   546   766 I AppsFilter: interaction: PackageSetting{e46d132 vn.training.bai01/10190} -> PackageSetting{eb5fe09 vn.training.bai02/10192} BLOCKED
10-04 11:49:20.454   546   766 I AppsFilter: interaction: PackageSetting{6907e83 com.example.androidtrainingexample/10201} -> PackageSetting{eb5fe09 vn.training.bai02/10192} BLOCKED
10-04 11:49:20.454   546   766 I AppsFilter: interaction: PackageSetting{e63f800 com.example.smsshield/10218} -> PackageSetting{eb5fe09 vn.training.bai02/10192} BLOCKED
10-04 11:49:20.454   546   766 I AppsFilter: interaction: PackageSetting{620c839 com.haitranduc203.offlinefirstmovie/10216} -> PackageSetting{eb5fe09 vn.training.bai02/10192} BLOCKED
10-04 11:49:20.465   546   629 V ActivityManager: Got obituary of 4901:vn.training.bai02
10-04 11:49:20.485   970   970 D CarrierSvcBindHelper: onHandleForceStop: [vn.training.bai02]
10-04 11:49:20.502   546   573 V WindowManager: Sent Transition #13 createdAt=10-04 11:49:20.392 via request=TransitionRequestInfo { type = CLOSE, triggerTask = TaskInfo{userId=0 taskId=2693 displayId=0 isRunning=false baseIntent=Intent { act=android.intent.action.MAIN cat=[android.intent.category.LAUNCHER] flg=0x10000000 cmp=vn.training.bai02/.MainActivity } baseActivity=null topActivity=null origActivity=null realActivity=ComponentInfo{vn.training.bai02/vn.training.bai02.MainActivity} numActivities=0 lastActiveTime=532622 supportsMultiWindow=true resizeMode=1 isResizeable=true minWidth=-1 minHeight=-1 defaultMinSize=220 token=WCT{RemoteToken{96a2f56 Task{8dc89d6 #2693 type=standard A=10192:vn.training.bai02}}} topActivityType=1 pictureInPictureParams=null shouldDockBigOverlays=false launchIntoPipHostTaskId=-1 lastParentTaskIdBeforePip=-1 displayCutoutSafeInsets=null topActivityInfo=null launchCookies=[] positionInParent=Point(0, 0) parentTaskId=-1 isFocused=true isVisible=true isVisibleRequested=true isSleeping=false topActivityInSizeCompat=false topActivityEligibleForLetterboxEducation= false topActivityLetterboxed= false isFromDoubleTap= false topActivityLetterboxVerticalPosition= -1 topActivityLetterboxHorizontalPosition= -1 topActivityLetterboxWidth=-1 topActivityLetterboxHeight=-1 locusId=null displayAreaFeatureId=1 cameraCompatControlState=hidden}, remoteTransition = null, displayChange = null }
10-04 11:49:20.515   546   573 V WindowManager:     info={id=13 t=CLOSE f=0x0 trk=0 r=[0@Point(0, 0)] c=[{WCT{RemoteToken{96a2f56 Task{8dc89d6 #2693 type=standard A=10192:vn.training.bai02}}} m=CLOSE f=NONE leash=Surface(name=Task=2693)/@0xaa3548a sb=Rect(0, 0 - 780, 1710) eb=Rect(0, 0 - 780, 1710) d=0},{WCT{RemoteToken{6c59956 Task{d933664 #2692 type=standard A=10190:vn.training.bai01}}} m=TO_FRONT f=NONE leash=Surface(name=Task=2692)/@0x437a118 sb=Rect(0, 0 - 780, 1710) eb=Rect(0, 0 - 780, 1710) d=0}]}
10-04 11:49:20.525   546  2365 W WindowManager: Exception thrown during dispatchAppVisibility Window{c5fc3ba u0 vn.training.bai02/vn.training.bai02.MainActivity EXITING}
10-04 11:49:20.630   785   836 V WindowManagerShell: Transition requested: android.os.BinderProxy@16e7151 TransitionRequestInfo { type = OPEN, triggerTask = TaskInfo{userId=0 taskId=2694 displayId=0 isRunning=true baseIntent=Intent { flg=0x10000000 cmp=vn.training.bai02/.MainActivity } baseActivity=ComponentInfo{vn.training.bai02/vn.training.bai02.MainActivity} topActivity=ComponentInfo{vn.training.bai02/vn.training.bai02.MainActivity} origActivity=null realActivity=ComponentInfo{vn.training.bai02/vn.training.bai02.MainActivity} numActivities=1 lastActiveTime=542629 supportsMultiWindow=true resizeMode=1 isResizeable=true minWidth=-1 minHeight=-1 defaultMinSize=220 token=WCT{android.window.IWindowContainerToken$Stub$Proxy@8331db6} topActivityType=1 pictureInPictureParams=null shouldDockBigOverlays=false launchIntoPipHostTaskId=-1 lastParentTaskIdBeforePip=-1 displayCutoutSafeInsets=null topActivityInfo=ActivityInfo{1954ab7 vn.training.bai02.MainActivity} launchCookies=[] positionInParent=Point(0, 0) parentTaskId=-1 isFocused=false isVisible=false isVisibleRequested=false isSleeping=false topActivityInSizeCompat=false topActivityEligibleForLetterboxEducation= false topActivityLetterboxed= false isFromDoubleTap= false topActivityLetterboxVerticalPosition= -1 topActivityLetterboxHorizontalPosition= -1 topActivityLetterboxWidth=-1 topActivityLetterboxHeight=-1 locusId=null displayAreaFeatureId=1 cameraCompatControlState=hidden}, remoteTransition = null, displayChange = null }
10-04 11:49:20.632   546   629 I ActivityTaskManager: START u0 {flg=0x10000000 cmp=vn.training.bai02/.MainActivity} with LAUNCH_MULTIPLE from uid 2000 (BAL_ALLOW_PERMISSION) result code=0
10-04 11:49:20.648   546   586 I ActivityManager: Start proc 5054:vn.training.bai02/u0a192 for next-top-activity {vn.training.bai02/vn.training.bai02.MainActivity}
10-04 11:49:20.649   546  5046 D CoreBackPreview: Window{36f5607 u0 Splash Screen vn.training.bai02}: Setting back callback OnBackInvokedCallbackInfo{mCallback=android.window.IOnBackInvokedCallback$Stub$Proxy@4b4955d, mPriority=0, mIsAnimationCallback=false}
10-04 11:49:20.686   546   573 V WindowManager: Sent Transition #14 createdAt=10-04 11:49:20.622 via request=TransitionRequestInfo { type = OPEN, triggerTask = TaskInfo{userId=0 taskId=2694 displayId=0 isRunning=true baseIntent=Intent { flg=0x10000000 cmp=vn.training.bai02/.MainActivity } baseActivity=ComponentInfo{vn.training.bai02/vn.training.bai02.MainActivity} topActivity=ComponentInfo{vn.training.bai02/vn.training.bai02.MainActivity} origActivity=null realActivity=ComponentInfo{vn.training.bai02/vn.training.bai02.MainActivity} numActivities=1 lastActiveTime=542629 supportsMultiWindow=true resizeMode=1 isResizeable=true minWidth=-1 minHeight=-1 defaultMinSize=220 token=WCT{RemoteToken{531561e Task{b28c22b #2694 type=standard A=10192:vn.training.bai02}}} topActivityType=1 pictureInPictureParams=null shouldDockBigOverlays=false launchIntoPipHostTaskId=-1 lastParentTaskIdBeforePip=-1 displayCutoutSafeInsets=null topActivityInfo=ActivityInfo{772feff vn.training.bai02.MainActivity} launchCookies=[] positionInParent=Point(0, 0) parentTaskId=-1 isFocused=false isVisible=false isVisibleRequested=false isSleeping=false topActivityInSizeCompat=false topActivityEligibleForLetterboxEducation= false topActivityLetterboxed= false isFromDoubleTap= false topActivityLetterboxVerticalPosition= -1 topActivityLetterboxHorizontalPosition= -1 topActivityLetterboxWidth=-1 topActivityLetterboxHeight=-1 locusId=null displayAreaFeatureId=1 cameraCompatControlState=hidden}, remoteTransition = null, displayChange = null }
10-04 11:49:20.686   546   573 V WindowManager:     info={id=14 t=OPEN f=0x0 trk=0 r=[0@Point(0, 0)] c=[{WCT{RemoteToken{531561e Task{b28c22b #2694 type=standard A=10192:vn.training.bai02}}} m=OPEN f=NONE leash=Surface(name=Task=2694)/@0x6cb0ea0 sb=Rect(0, 0 - 780, 1710) eb=Rect(0, 0 - 780, 1710) d=0},{WCT{RemoteToken{6c59956 Task{d933664 #2692 type=standard A=10190:vn.training.bai01}}} m=TO_BACK f=NONE leash=Surface(name=Task=2692)/@0x437a118 sb=Rect(0, 0 - 780, 1710) eb=Rect(0, 0 - 780, 1710) d=0}]}
10-04 11:49:20.823  5054  5054 W ziparchive: Unable to open '/data/app/~~3VRYb44RqwL_BzLzVaF03w==/vn.training.bai02-jcnG1LOtSXhU32cS6KWlBQ==/base.dm': No such file or directory
10-04 11:49:20.823  5054  5054 W ziparchive: Unable to open '/data/app/~~3VRYb44RqwL_BzLzVaF03w==/vn.training.bai02-jcnG1LOtSXhU32cS6KWlBQ==/base.dm': No such file or directory
10-04 11:49:20.850  5054  5054 D nativeloader: Configuring clns-6 for other apk /data/app/~~3VRYb44RqwL_BzLzVaF03w==/vn.training.bai02-jcnG1LOtSXhU32cS6KWlBQ==/base.apk. target_sdk_version=36, uses_libraries=, library_path=/data/app/~~3VRYb44RqwL_BzLzVaF03w==/vn.training.bai02-jcnG1LOtSXhU32cS6KWlBQ==/lib/x86_64, permitted_path=/data:/mnt/expand:/data/user/0/vn.training.bai02
10-04 11:49:20.862  5054  5054 V GraphicsEnvironment: ANGLE GameManagerService for vn.training.bai02: false
10-04 11:49:20.862  5054  5054 V GraphicsEnvironment: vn.training.bai02 is not listed in per-application setting
10-04 11:49:21.145   546  5046 D CoreBackPreview: Window{9851b94 u0 vn.training.bai02/vn.training.bai02.MainActivity}: Setting back callback OnBackInvokedCallbackInfo{mCallback=android.window.IOnBackInvokedCallback$Stub$Proxy@9a55783, mPriority=0, mIsAnimationCallback=false}
10-04 11:49:21.469   546   573 W ziparchive: Unable to open '/data/app/~~3VRYb44RqwL_BzLzVaF03w==/vn.training.bai02-jcnG1LOtSXhU32cS6KWlBQ==/base.dm': No such file or directory
10-04 11:49:21.469   546   573 I ActivityTaskManager: Displayed vn.training.bai02/.MainActivity for user 0: +850ms
10-04 11:49:21.485   546   629 D CoreBackPreview: Window{36f5607 u0 Splash Screen vn.training.bai02 EXITING}: Setting back callback null
10-04 11:49:21.486   546  1295 W InputManager-JNI: Input channel object '36f5607 Splash Screen vn.training.bai02 (client)' was disposed without first being removed with the input manager!
10-04 11:49:21.500   546  5046 I ImeTracker: vn.training.bai02:b4499cb6: onRequestHide at ORIGIN_SERVER_HIDE_INPUT reason HIDE_UNSPECIFIED_WINDOW
10-04 11:49:21.500   546  5046 I ImeTracker: vn.training.bai02:b4499cb6: onCancelled at PHASE_SERVER_SHOULD_HIDE
10-04 11:49:21.503  1313  1313 I GoogleInputMethodService: GoogleInputMethodService.onStartInput():1532 onStartInput(EditorInfo{EditorInfo{packageName=vn.training.bai02, inputType=0, inputTypeString=NULL, enableLearning=false, autoCorrection=false, autoComplete=false, imeOptions=0, privateImeOptions=null, actionName=UNSPECIFIED, actionLabel=null, initialSelStart=-1, initialSelEnd=-1, initialCapsMode=0, label=null, fieldId=0, fieldName=null, extras=null, hintText=null, hintLocales=[]}}, false)
10-04 11:49:26.544   546  1564 D CoreBackPreview: Window{9851b94 u0 vn.training.bai02/vn.training.bai02.MainActivity}: Setting back callback null
10-04 11:49:26.548   546  1564 W InputManager-JNI: Input channel object '9851b94 vn.training.bai02/vn.training.bai02.MainActivity (client)' was disposed without first being removed with the input manager!
10-04 11:49:26.614   546  2365 D CoreBackPreview: Window{2189db6 u0 vn.training.bai02/vn.training.bai02.MainActivity}: Setting back callback OnBackInvokedCallbackInfo{mCallback=android.window.IOnBackInvokedCallback$Stub$Proxy@8004224, mPriority=0, mIsAnimationCallback=false}
10-04 11:49:26.665   546  2365 I WindowManager: finishDrawing of relaunch: Window{2189db6 u0 vn.training.bai02/vn.training.bai02.MainActivity} 217ms
10-04 11:49:26.677   546  2365 I ImeTracker: vn.training.bai02:3b081100: onRequestHide at ORIGIN_SERVER_HIDE_INPUT reason HIDE_UNSPECIFIED_WINDOW
10-04 11:49:26.677   546  2365 I ImeTracker: vn.training.bai02:3b081100: onCancelled at PHASE_SERVER_SHOULD_HIDE
10-04 11:49:26.683  1313  1313 I GoogleInputMethodService: GoogleInputMethodService.onStartInput():1532 onStartInput(EditorInfo{EditorInfo{packageName=vn.training.bai02, inputType=0, inputTypeString=NULL, enableLearning=false, autoCorrection=false, autoComplete=false, imeOptions=0, privateImeOptions=null, actionName=UNSPECIFIED, actionLabel=null, initialSelStart=-1, initialSelEnd=-1, initialCapsMode=0, label=null, fieldId=0, fieldName=null, extras=null, hintText=null, hintLocales=[]}}, false)
10-04 11:49:26.796  5054  5138 D ProfileInstaller: Installing profile for vn.training.bai02