> Task :client:preBuild UP-TO-DATE
> Task :client:preDebugBuild UP-TO-DATE
> Task :client:mergeDebugNativeDebugMetadata NO-SOURCE
> Task :client:compileDebugAidl UP-TO-DATE
> Task :client:dataBindingMergeDependencyArtifactsDebug UP-TO-DATE
> Task :client:generateDebugResources UP-TO-DATE
> Task :client:mergeDebugResources UP-TO-DATE
> Task :client:packageDebugResources UP-TO-DATE
> Task :client:processDebugNavigationResources UP-TO-DATE
> Task :client:parseDebugLocalResources UP-TO-DATE
> Task :client:dataBindingGenBaseClassesDebug UP-TO-DATE
> Task :client:generateDebugRFile UP-TO-DATE
> Task :client:compileDebugKotlin UP-TO-DATE
> Task :client:javaPreCompileDebug UP-TO-DATE
> Task :client:compileDebugJavaWithJavac UP-TO-DATE
> Task :client:generateDebugAssets UP-TO-DATE
> Task :client:mergeDebugAssets UP-TO-DATE
> Task :client:compressDebugAssets UP-TO-DATE
> Task :client:desugarDebugFileDependencies UP-TO-DATE
> Task :client:checkDebugAarMetadata UP-TO-DATE
> Task :client:mapDebugSourceSetPaths UP-TO-DATE
> Task :client:compileDebugNavigationResources UP-TO-DATE
> Task :client:createDebugCompatibleScreenManifests UP-TO-DATE
> Task :client:extractDeepLinksDebug UP-TO-DATE
> Task :client:processDebugMainManifest UP-TO-DATE
> Task :client:processDebugManifest UP-TO-DATE
> Task :client:processDebugManifestForPackage UP-TO-DATE
> Task :client:processDebugResources UP-TO-DATE
> Task :client:dexBuilderDebug UP-TO-DATE
> Task :client:mergeDebugGlobalSynthetics UP-TO-DATE
> Task :client:processDebugJavaRes UP-TO-DATE
> Task :client:mergeDebugJavaResource UP-TO-DATE
> Task :client:checkDebugDuplicateClasses UP-TO-DATE
> Task :client:mergeExtDexDebug UP-TO-DATE
> Task :client:mergeLibDexDebug UP-TO-DATE
> Task :client:mergeProjectDexDebug UP-TO-DATE
> Task :client:mergeDebugJniLibFolders UP-TO-DATE
> Task :client:mergeDebugNativeLibs NO-SOURCE
> Task :client:stripDebugDebugSymbols NO-SOURCE
> Task :client:validateSigningDebug UP-TO-DATE
> Task :client:writeDebugAppMetadata UP-TO-DATE
> Task :client:writeDebugSigningConfigVersions UP-TO-DATE
> Task :client:packageDebug UP-TO-DATE
> Task :client:createDebugApkListingFileRedirect UP-TO-DATE
> Task :client:assembleDebug UP-TO-DATE
> Task :server:preBuild UP-TO-DATE
> Task :server:preDebugBuild UP-TO-DATE
> Task :server:mergeDebugNativeDebugMetadata NO-SOURCE
> Task :server:compileDebugAidl UP-TO-DATE
> Task :server:dataBindingMergeDependencyArtifactsDebug UP-TO-DATE
> Task :server:generateDebugResources UP-TO-DATE
> Task :server:mergeDebugResources UP-TO-DATE
> Task :server:packageDebugResources UP-TO-DATE
> Task :server:processDebugNavigationResources UP-TO-DATE
> Task :server:parseDebugLocalResources UP-TO-DATE
> Task :server:dataBindingGenBaseClassesDebug UP-TO-DATE
> Task :server:generateDebugRFile UP-TO-DATE
> Task :server:compileDebugKotlin UP-TO-DATE
> Task :server:javaPreCompileDebug UP-TO-DATE
> Task :server:compileDebugJavaWithJavac UP-TO-DATE
> Task :server:generateDebugAssets UP-TO-DATE
> Task :server:mergeDebugAssets UP-TO-DATE
> Task :server:compressDebugAssets UP-TO-DATE
> Task :server:desugarDebugFileDependencies UP-TO-DATE
> Task :server:checkDebugAarMetadata UP-TO-DATE
> Task :server:mapDebugSourceSetPaths UP-TO-DATE
> Task :server:compileDebugNavigationResources UP-TO-DATE
> Task :server:createDebugCompatibleScreenManifests UP-TO-DATE
> Task :server:extractDeepLinksDebug UP-TO-DATE
> Task :server:processDebugMainManifest UP-TO-DATE
> Task :server:processDebugManifest UP-TO-DATE
> Task :server:processDebugManifestForPackage UP-TO-DATE
> Task :server:processDebugResources UP-TO-DATE
> Task :server:dexBuilderDebug UP-TO-DATE
> Task :server:mergeDebugGlobalSynthetics UP-TO-DATE
> Task :server:processDebugJavaRes UP-TO-DATE
> Task :server:mergeDebugJavaResource UP-TO-DATE
> Task :server:checkDebugDuplicateClasses UP-TO-DATE
> Task :server:mergeExtDexDebug UP-TO-DATE
> Task :server:mergeLibDexDebug UP-TO-DATE
> Task :server:mergeProjectDexDebug UP-TO-DATE
> Task :server:mergeDebugJniLibFolders UP-TO-DATE
> Task :server:mergeDebugNativeLibs NO-SOURCE
> Task :server:stripDebugDebugSymbols NO-SOURCE
> Task :server:validateSigningDebug UP-TO-DATE
> Task :server:writeDebugAppMetadata UP-TO-DATE
> Task :server:writeDebugSigningConfigVersions UP-TO-DATE
> Task :server:packageDebug UP-TO-DATE
> Task :server:createDebugApkListingFileRedirect UP-TO-DATE
> Task :server:assembleDebug UP-TO-DATE
> Task :client:bundleDebugClassesToCompileJar UP-TO-DATE
> Task :client:preDebugAndroidTestBuild SKIPPED
> Task :client:generateDebugAndroidTestLintModel UP-TO-DATE
> Task :client:extractProguardFiles UP-TO-DATE
> Task :client:generateDebugLintReportModel UP-TO-DATE
> Task :client:preDebugUnitTestBuild UP-TO-DATE
> Task :client:generateDebugUnitTestLintModel UP-TO-DATE
> Task :client:lintAnalyzeDebug UP-TO-DATE
> Task :client:lintAnalyzeDebugAndroidTest UP-TO-DATE
> Task :client:lintAnalyzeDebugUnitTest UP-TO-DATE
> Task :client:lintReportDebug UP-TO-DATE
> Task :client:lintDebug
> Task :server:bundleDebugClassesToCompileJar UP-TO-DATE
> Task :server:preDebugAndroidTestBuild SKIPPED
> Task :server:generateDebugAndroidTestLintModel UP-TO-DATE
> Task :server:extractProguardFiles UP-TO-DATE
> Task :server:generateDebugLintReportModel UP-TO-DATE
> Task :server:preDebugUnitTestBuild UP-TO-DATE
> Task :server:generateDebugUnitTestLintModel UP-TO-DATE
> Task :server:lintAnalyzeDebug UP-TO-DATE
> Task :server:lintAnalyzeDebugAndroidTest UP-TO-DATE
> Task :server:lintAnalyzeDebugUnitTest UP-TO-DATE
> Task :server:lintReportDebug UP-TO-DATE
> Task :server:lintDebug

BUILD SUCCESSFUL in 1s
96 actionable tasks: 2 executed, 94 up-to-date
Consider enabling configuration cache to speed up this build: https://docs.gradle.org/9.3.1/userguide/configuration_cache_enabling.html
