10-04 11:51:53.858   546   616 V BackupManagerService: [UserID:0] restoreAtInstall pkg=vn.training.books.client token=5 restoreSet=0
10-04 11:51:53.859   546   616 I AppsFilter: interaction: PackageSetting{64a2c07 vn.training.books.server/10194} -> PackageSetting{96782b6 vn.training.books.client/10196} BLOCKED
10-04 11:51:53.859   546   616 I AppsFilter: interaction: PackageSetting{1347246 com.fintrack.app/10208} -> PackageSetting{96782b6 vn.training.books.client/10196} BLOCKED
10-04 11:51:53.859   546   616 I AppsFilter: interaction: PackageSetting{b691134 com.shoestore.app/10195} -> PackageSetting{96782b6 vn.training.books.client/10196} BLOCKED
10-04 11:51:53.859   546   616 I AppsFilter: interaction: PackageSetting{1325b5d com.example.realtimechat/10197} -> PackageSetting{96782b6 vn.training.books.client/10196} BLOCKED
10-04 11:51:53.859   546   616 I AppsFilter: interaction: PackageSetting{1356cd2 com.haitranduc203.offlinefirstmovie.test/10217} -> PackageSetting{96782b6 vn.training.books.client/10196} BLOCKED
10-04 11:51:53.859   546   616 I AppsFilter: interaction: PackageSetting{75381a3 vn.training.bai03/10193} -> PackageSetting{96782b6 vn.training.books.client/10196} BLOCKED
10-04 11:51:53.859   546   616 I AppsFilter: interaction: PackageSetting{7200ca0 vn.training.bai02/10192} -> PackageSetting{96782b6 vn.training.books.client/10196} BLOCKED
10-04 11:51:53.859   546   616 I AppsFilter: interaction: PackageSetting{3e5059 vn.training.bai01/10190} -> PackageSetting{96782b6 vn.training.books.client/10196} BLOCKED
10-04 11:51:53.859   546   616 I AppsFilter: interaction: PackageSetting{4d9841e com.example.androidtrainingexample/10201} -> PackageSetting{96782b6 vn.training.books.client/10196} BLOCKED
10-04 11:51:53.860   546   616 I AppsFilter: interaction: PackageSetting{41294ff com.example.smsshield/10218} -> PackageSetting{96782b6 vn.training.books.client/10196} BLOCKED
10-04 11:51:53.860   546   616 I AppsFilter: interaction: PackageSetting{47a9915 com.haitranduc203.offlinefirstmovie/10216} -> PackageSetting{96782b6 vn.training.books.client/10196} BLOCKED
10-04 11:51:53.886   970   970 D CarrierSvcBindHelper: onPackageAdded: vn.training.books.client
10-04 11:51:53.886   970  1263 D ImsResolver: maybeAddedImsService, packageName: vn.training.books.client
10-04 11:51:53.892  1384  1384 I SafetyLabelChangedBroadcastReceiver: received broadcast packageName: vn.training.books.client, current user: UserHandle{0}, packageChangeEvent: NEW_INSTALL, intent user: UserHandle{0}
10-04 11:51:53.910   785   836 V WindowManagerShell: Transition requested: android.os.BinderProxy@66f69a9 TransitionRequestInfo { type = OPEN, triggerTask = TaskInfo{userId=0 taskId=2697 displayId=0 isRunning=true baseIntent=Intent { act=android.intent.action.MAIN cat=[android.intent.category.LAUNCHER] flg=0x10000000 cmp=vn.training.books.client/.MainActivity } baseActivity=ComponentInfo{vn.training.books.client/vn.training.books.client.MainActivity} topActivity=ComponentInfo{vn.training.books.client/vn.training.books.client.MainActivity} origActivity=null realActivity=ComponentInfo{vn.training.books.client/vn.training.books.client.MainActivity} numActivities=1 lastActiveTime=695909 supportsMultiWindow=true resizeMode=1 isResizeable=true minWidth=-1 minHeight=-1 defaultMinSize=220 token=WCT{android.window.IWindowContainerToken$Stub$Proxy@157ab2e} topActivityType=1 pictureInPictureParams=null shouldDockBigOverlays=false launchIntoPipHostTaskId=-1 lastParentTaskIdBeforePip=-1 displayCutoutSafeInsets=null topActivityInfo=ActivityInfo{c1016cf vn.training.books.client.MainActivity} launchCookies=[] positionInParent=Point(0, 0) parentTaskId=-1 isFocused=false isVisible=false isVisibleRequested=false isSleeping=false topActivityInSizeCompat=false topActivityEligibleForLetterboxEducation= false topActivityLetterboxed= false isFromDoubleTap= false topActivityLetterboxVerticalPosition= -1 topActivityLetterboxHorizontalPosition= -1 topActivityLetterboxWidth=-1 topActivityLetterboxHeight=-1 locusId=null displayAreaFeatureId=1 cameraCompatControlState=hidden}, remoteTransition = null, displayChange = null }
10-04 11:51:53.920   546   750 I SdkSandboxManager: No SDKs used. Skipping SDK data reconcilation for CallingInfo{mUid=10196, mPackageName='vn.training.books.client, mAppProcessToken='null'}
10-04 11:51:53.926   546  2383 I ActivityTaskManager: START u0 {act=android.intent.action.MAIN cat=[android.intent.category.LAUNCHER] flg=0x10000000 cmp=vn.training.books.client/.MainActivity} with LAUNCH_MULTIPLE from uid 2000 (BAL_ALLOW_PERMISSION) result code=0
10-04 11:51:53.938   546  1139 D CoreBackPreview: Window{1f380d8 u0 Splash Screen vn.training.books.client}: Setting back callback OnBackInvokedCallbackInfo{mCallback=android.window.IOnBackInvokedCallback$Stub$Proxy@4eddf16, mPriority=0, mIsAnimationCallback=false}
10-04 11:51:53.988   546   586 I ActivityManager: Start proc 5721:vn.training.books.client/u0a196 for next-top-activity {vn.training.books.client/vn.training.books.client.MainActivity}
10-04 11:51:54.033   546   546 I AppsFilter: interaction: PackageSetting{585a1f1 vn.training.books.server/10194} -> PackageSetting{2a391d6 vn.training.books.client/10196} BLOCKED
10-04 11:51:54.033   546   546 I AppsFilter: interaction: PackageSetting{7987c57 com.fintrack.app/10208} -> PackageSetting{2a391d6 vn.training.books.client/10196} BLOCKED
10-04 11:51:54.033   546   546 I AppsFilter: interaction: PackageSetting{419a344 com.shoestore.app/10195} -> PackageSetting{2a391d6 vn.training.books.client/10196} BLOCKED
10-04 11:51:54.033   546   546 I AppsFilter: interaction: PackageSetting{9416c2d com.example.realtimechat/10197} -> PackageSetting{2a391d6 vn.training.books.client/10196} BLOCKED
10-04 11:51:54.033   546   546 I AppsFilter: interaction: PackageSetting{79ef562 com.haitranduc203.offlinefirstmovie.test/10217} -> PackageSetting{2a391d6 vn.training.books.client/10196} BLOCKED
10-04 11:51:54.033   546   546 I AppsFilter: interaction: PackageSetting{93e86f3 vn.training.bai03/10193} -> PackageSetting{2a391d6 vn.training.books.client/10196} BLOCKED
10-04 11:51:54.033   546   546 I AppsFilter: interaction: PackageSetting{fafafb0 vn.training.bai02/10192} -> PackageSetting{2a391d6 vn.training.books.client/10196} BLOCKED
10-04 11:51:54.033   546   546 I AppsFilter: interaction: PackageSetting{7759e29 vn.training.bai01/10190} -> PackageSetting{2a391d6 vn.training.books.client/10196} BLOCKED
10-04 11:51:54.033   546   546 I AppsFilter: interaction: PackageSetting{ffb05ae com.example.androidtrainingexample/10201} -> PackageSetting{2a391d6 vn.training.books.client/10196} BLOCKED
10-04 11:51:54.033   546   546 I AppsFilter: interaction: PackageSetting{c309f4f com.example.smsshield/10218} -> PackageSetting{2a391d6 vn.training.books.client/10196} BLOCKED
10-04 11:51:54.033   546   546 I AppsFilter: interaction: PackageSetting{75816dc com.haitranduc203.offlinefirstmovie/10216} -> PackageSetting{2a391d6 vn.training.books.client/10196} BLOCKED
10-04 11:51:54.044   546   573 V WindowManager: Sent Transition #17 createdAt=10-04 11:51:53.895 via request=TransitionRequestInfo { type = OPEN, triggerTask = TaskInfo{userId=0 taskId=2697 displayId=0 isRunning=true baseIntent=Intent { act=android.intent.action.MAIN cat=[android.intent.category.LAUNCHER] flg=0x10000000 cmp=vn.training.books.client/.MainActivity } baseActivity=ComponentInfo{vn.training.books.client/vn.training.books.client.MainActivity} topActivity=ComponentInfo{vn.training.books.client/vn.training.books.client.MainActivity} origActivity=null realActivity=ComponentInfo{vn.training.books.client/vn.training.books.client.MainActivity} numActivities=1 lastActiveTime=695909 supportsMultiWindow=true resizeMode=1 isResizeable=true minWidth=-1 minHeight=-1 defaultMinSize=220 token=WCT{RemoteToken{7bdc4c8 Task{fb58d00 #2697 type=standard A=10196:vn.training.books.client}}} topActivityType=1 pictureInPictureParams=null shouldDockBigOverlays=false launchIntoPipHostTaskId=-1 lastParentTaskIdBeforePip=-1 displayCutoutSafeInsets=null topActivityInfo=ActivityInfo{871e961 vn.training.books.client.MainActivity} launchCookies=[] positionInParent=Point(0, 0) parentTaskId=-1 isFocused=false isVisible=false isVisibleRequested=false isSleeping=false topActivityInSizeCompat=false topActivityEligibleForLetterboxEducation= false topActivityLetterboxed= false isFromDoubleTap= false topActivityLetterboxVerticalPosition= -1 topActivityLetterboxHorizontalPosition= -1 topActivityLetterboxWidth=-1 topActivityLetterboxHeight=-1 locusId=null displayAreaFeatureId=1 cameraCompatControlState=hidden}, remoteTransition = null, displayChange = null }
10-04 11:51:54.056   546   573 V WindowManager:     info={id=17 t=OPEN f=0x0 trk=0 r=[0@Point(0, 0)] c=[{WCT{RemoteToken{7bdc4c8 Task{fb58d00 #2697 type=standard A=10196:vn.training.books.client}}} m=OPEN f=NONE leash=Surface(name=Task=2697)/@0xfcae2e4 sb=Rect(0, 0 - 780, 1710) eb=Rect(0, 0 - 780, 1710) d=0},{WCT{RemoteToken{97e272c Task{3c00649 #2696 type=standard A=10194:vn.training.books.server}}} m=TO_BACK f=NONE leash=Surface(name=Task=2696)/@0x10e5b00 sb=Rect(0, 0 - 780, 1710) eb=Rect(0, 0 - 780, 1710) d=0}]}
10-04 11:51:54.160   970   970 D CarrierSvcBindHelper: onPackageModified: vn.training.books.client
10-04 11:51:54.173  1360  1360 I AiAiEcho: AppFetcherImplV2 updateApps package:[vn.training.books.client], userId:[0], reason:[package is added.].
10-04 11:51:54.178   970  1263 D ImsResolver: maybeAddedImsService, packageName: vn.training.books.client
10-04 11:51:54.277  5721  5721 W ziparchive: Unable to open '/data/app/~~1eHfQ9KczDXcVqjrfJN0Hg==/vn.training.books.client-5JpCu3-5NIbmmXDe8u-MUw==/base.dm': No such file or directory
10-04 11:51:54.278  5721  5721 W ziparchive: Unable to open '/data/app/~~1eHfQ9KczDXcVqjrfJN0Hg==/vn.training.books.client-5JpCu3-5NIbmmXDe8u-MUw==/base.dm': No such file or directory
10-04 11:51:54.292  1360  1360 I AiAiEcho: AppFetcherImpl onPackageChanged vn.training.books.client.
10-04 11:51:54.297  1360  5643 I AiAiEcho: AppIndexer Package:[vn.training.books.client] UserProfile:[0] Enabled:[true].
10-04 11:51:54.301  1360  5643 I AiAiEcho: AppFetcherImplV2 updateApps package:[vn.training.books.client], userId:[0], reason:[package is updated.].
10-04 11:51:54.322  5721  5721 D nativeloader: Configuring clns-6 for other apk /data/app/~~1eHfQ9KczDXcVqjrfJN0Hg==/vn.training.books.client-5JpCu3-5NIbmmXDe8u-MUw==/base.apk. target_sdk_version=36, uses_libraries=, library_path=/data/app/~~1eHfQ9KczDXcVqjrfJN0Hg==/vn.training.books.client-5JpCu3-5NIbmmXDe8u-MUw==/lib/x86_64, permitted_path=/data:/mnt/expand:/data/user/0/vn.training.books.client
10-04 11:51:54.340  5721  5721 V GraphicsEnvironment: ANGLE GameManagerService for vn.training.books.client: false
10-04 11:51:54.340  5721  5721 V GraphicsEnvironment: vn.training.books.client is not listed in per-application setting
10-04 11:51:54.456  1496  5660 I ProximityAuth: [RecentAppsMediator] Package added: (user=UserHandle{0}) vn.training.books.client
10-04 11:51:54.718   546   568 D CoreBackPreview: Window{5939a49 u0 vn.training.books.client/vn.training.books.client.MainActivity}: Setting back callback OnBackInvokedCallbackInfo{mCallback=android.window.IOnBackInvokedCallback$Stub$Proxy@352d97c, mPriority=0, mIsAnimationCallback=false}
10-04 11:51:54.883  5748  5748 I BookServer: bind PID=5748
10-04 11:51:55.092   546   573 W ziparchive: Unable to open '/data/app/~~1eHfQ9KczDXcVqjrfJN0Hg==/vn.training.books.client-5JpCu3-5NIbmmXDe8u-MUw==/base.dm': No such file or directory
10-04 11:51:55.094   546   573 I ActivityTaskManager: Displayed vn.training.books.client/.MainActivity for user 0: +1s205ms
10-04 11:51:55.136   546   568 W InputManager-JNI: Input channel object '1f380d8 Splash Screen vn.training.books.client (client)' was disposed without first being removed with the input manager!
10-04 11:51:55.143   546   766 D CoreBackPreview: Window{1f380d8 u0 Splash Screen vn.training.books.client EXITING}: Setting back callback null
10-04 11:51:55.217   546   766 I ImeTracker: vn.training.books.client:f86e99a6: onRequestHide at ORIGIN_SERVER_HIDE_INPUT reason HIDE_UNSPECIFIED_WINDOW
10-04 11:51:55.217   546   766 I ImeTracker: vn.training.books.client:f86e99a6: onCancelled at PHASE_SERVER_SHOULD_HIDE
10-04 11:51:55.220  1313  1313 I GoogleInputMethodService: GoogleInputMethodService.onStartInput():1532 onStartInput(EditorInfo{EditorInfo{packageName=vn.training.books.client, inputType=0, inputTypeString=NULL, enableLearning=false, autoCorrection=false, autoComplete=false, imeOptions=0, privateImeOptions=null, actionName=UNSPECIFIED, actionLabel=null, initialSelStart=-1, initialSelEnd=-1, initialCapsMode=0, label=null, fieldId=0, fieldName=null, extras=null, hintText=null, hintLocales=[]}}, false)
10-04 11:51:55.222   546  5404 W PackageConfigPersister: App-specific configuration not found for packageName: vn.training.books.client and userId: 0
10-04 11:52:00.601  5721  5827 D ProfileInstaller: Installing profile for vn.training.books.client
10-04 11:52:02.910  5748  5769 I BookServer: add=533464956 serverPID=5748 callerPID=5721
10-04 11:52:02.910  5748  5765 I BookServer: add=534311356 serverPID=5748 callerPID=5721
10-04 11:52:02.955  5721  5721 I BookClient: callback 2 533464956 PID=5721
10-04 11:52:02.956  5721  5721 I BookClient: callback 1 533464956 PID=5721
10-04 11:52:02.956  5721  5721 I BookClient: callback 2 534311356 PID=5721
10-04 11:52:02.957  5721  5721 I BookClient: callback 1 534311356 PID=5721
10-04 11:52:19.082  5992  5992 I BookServer: bind PID=5992